Archive member included because of file (symbol)

C:/NXP/S32DS_ARM_v2.0/S32DS/arm_ewl2/lib/armv6-m\libc.a(exit.o)
                              C:/NXP/S32DS_ARM_v2.0/S32DS/arm_ewl2/lib/armv6-m/__arm_start.o (exit)
C:/NXP/S32DS_ARM_v2.0/S32DS/arm_ewl2/lib/armv6-m\libc.a(memset.o)
                              C:/NXP/S32DS_ARM_v2.0/S32DS/arm_ewl2/lib/armv6-m/__arm_start.o (memset)
C:/NXP/S32DS_ARM_v2.0/S32DS/arm_ewl2/lib/armv6-m\libc.a(__filll_mem.o)
                              C:/NXP/S32DS_ARM_v2.0/S32DS/arm_ewl2/lib/armv6-m\libc.a(memset.o) (__fill_mem)
C:/NXP/S32DS_ARM_v2.0/S32DS/arm_ewl2/lib/armv6-m\libm.a(round.o)
                              ./src/WheelSpeed.o (round)
C:/NXP/S32DS_ARM_v2.0/S32DS/arm_ewl2/lib/armv6-m\libm.a(s_modf.o)
                              C:/NXP/S32DS_ARM_v2.0/S32DS/arm_ewl2/lib/armv6-m\libm.a(round.o) (modf)
C:/NXP/S32DS_ARM_v2.0/S32DS/arm_ewl2/lib/armv6-m\libm.a(w_pow.o)
                              ./src/main.o (pow)
C:/NXP/S32DS_ARM_v2.0/S32DS/arm_ewl2/lib/armv6-m\libm.a(e_pow.o)
                              C:/NXP/S32DS_ARM_v2.0/S32DS/arm_ewl2/lib/armv6-m\libm.a(w_pow.o) (__ieee754_pow)
C:/NXP/S32DS_ARM_v2.0/S32DS/arm_ewl2/lib/armv6-m\libm.a(float.o)
                              C:/NXP/S32DS_ARM_v2.0/S32DS/arm_ewl2/lib/armv6-m\libm.a(e_pow.o) (__double_nan)
C:/NXP/S32DS_ARM_v2.0/S32DS/arm_ewl2/lib/armv6-m\libm.a(math_api.o)
                              C:/NXP/S32DS_ARM_v2.0/S32DS/arm_ewl2/lib/armv6-m\libm.a(round.o) (__fpclassifyd)
C:/NXP/S32DS_ARM_v2.0/S32DS/arm_ewl2/lib/armv6-m\libm.a(scalbn.o)
                              C:/NXP/S32DS_ARM_v2.0/S32DS/arm_ewl2/lib/armv6-m\libm.a(e_pow.o) (scalbn)
C:/NXP/S32DS_ARM_v2.0/S32DS/arm_ewl2/lib/armv6-m\libm.a(s_frexp.o)
                              C:/NXP/S32DS_ARM_v2.0/S32DS/arm_ewl2/lib/armv6-m\libm.a(scalbn.o) (frexp)
C:/NXP/S32DS_ARM_v2.0/S32DS/arm_ewl2/lib/armv6-m\libm.a(s_ldexp.o)
                              C:/NXP/S32DS_ARM_v2.0/S32DS/arm_ewl2/lib/armv6-m\libm.a(scalbn.o) (ldexp)
C:/NXP/S32DS_ARM_v2.0/S32DS/arm_ewl2/lib/armv6-m\libm.a(w_sqrt.o)
                              C:/NXP/S32DS_ARM_v2.0/S32DS/arm_ewl2/lib/armv6-m\libm.a(e_pow.o) (sqrt)
C:/NXP/S32DS_ARM_v2.0/S32DS/arm_ewl2/lib/armv6-m\libm.a(e_sqrt.o)
                              C:/NXP/S32DS_ARM_v2.0/S32DS/arm_ewl2/lib/armv6-m\libm.a(w_sqrt.o) (__ieee754_sqrt)
c:/nxp/s32ds_arm_v2.0/cross_tools/gcc-arm-none-eabi-4_9/bin/../lib/gcc/arm-none-eabi/4.9.3/armv6-m\libgcc.a(_udivsi3.o)
                              ./src/spi.o (__aeabi_uidiv)
c:/nxp/s32ds_arm_v2.0/cross_tools/gcc-arm-none-eabi-4_9/bin/../lib/gcc/arm-none-eabi/4.9.3/armv6-m\libgcc.a(_dvmd_tls.o)
                              c:/nxp/s32ds_arm_v2.0/cross_tools/gcc-arm-none-eabi-4_9/bin/../lib/gcc/arm-none-eabi/4.9.3/armv6-m\libgcc.a(_udivsi3.o) (__aeabi_idiv0)
c:/nxp/s32ds_arm_v2.0/cross_tools/gcc-arm-none-eabi-4_9/bin/../lib/gcc/arm-none-eabi/4.9.3/armv6-m\libgcc.a(_arm_cmpdf2.o)
                              C:/NXP/S32DS_ARM_v2.0/S32DS/arm_ewl2/lib/armv6-m\libm.a(e_pow.o) (__aeabi_dcmpeq)
c:/nxp/s32ds_arm_v2.0/cross_tools/gcc-arm-none-eabi-4_9/bin/../lib/gcc/arm-none-eabi/4.9.3/armv6-m\libgcc.a(_fixunsdfsi.o)
                              ./src/main.o (__aeabi_d2uiz)
c:/nxp/s32ds_arm_v2.0/cross_tools/gcc-arm-none-eabi-4_9/bin/../lib/gcc/arm-none-eabi/4.9.3/armv6-m\libgcc.a(adddf3.o)
                              C:/NXP/S32DS_ARM_v2.0/S32DS/arm_ewl2/lib/armv6-m\libm.a(round.o) (__aeabi_dadd)
c:/nxp/s32ds_arm_v2.0/cross_tools/gcc-arm-none-eabi-4_9/bin/../lib/gcc/arm-none-eabi/4.9.3/armv6-m\libgcc.a(divdf3.o)
                              ./src/WheelSpeed.o (__aeabi_ddiv)
c:/nxp/s32ds_arm_v2.0/cross_tools/gcc-arm-none-eabi-4_9/bin/../lib/gcc/arm-none-eabi/4.9.3/armv6-m\libgcc.a(eqdf2.o)
                              c:/nxp/s32ds_arm_v2.0/cross_tools/gcc-arm-none-eabi-4_9/bin/../lib/gcc/arm-none-eabi/4.9.3/armv6-m\libgcc.a(_arm_cmpdf2.o) (__eqdf2)
c:/nxp/s32ds_arm_v2.0/cross_tools/gcc-arm-none-eabi-4_9/bin/../lib/gcc/arm-none-eabi/4.9.3/armv6-m\libgcc.a(gedf2.o)
                              c:/nxp/s32ds_arm_v2.0/cross_tools/gcc-arm-none-eabi-4_9/bin/../lib/gcc/arm-none-eabi/4.9.3/armv6-m\libgcc.a(_arm_cmpdf2.o) (__gedf2)
c:/nxp/s32ds_arm_v2.0/cross_tools/gcc-arm-none-eabi-4_9/bin/../lib/gcc/arm-none-eabi/4.9.3/armv6-m\libgcc.a(ledf2.o)
                              c:/nxp/s32ds_arm_v2.0/cross_tools/gcc-arm-none-eabi-4_9/bin/../lib/gcc/arm-none-eabi/4.9.3/armv6-m\libgcc.a(_arm_cmpdf2.o) (__ledf2)
c:/nxp/s32ds_arm_v2.0/cross_tools/gcc-arm-none-eabi-4_9/bin/../lib/gcc/arm-none-eabi/4.9.3/armv6-m\libgcc.a(muldf3.o)
                              ./src/main.o (__aeabi_dmul)
c:/nxp/s32ds_arm_v2.0/cross_tools/gcc-arm-none-eabi-4_9/bin/../lib/gcc/arm-none-eabi/4.9.3/armv6-m\libgcc.a(subdf3.o)
                              ./src/main.o (__aeabi_dsub)
[...]
Memory Configuration

Name             Origin             Length             Attributes
FLASH_1          0x00000000         0x00000400         xr
FLASH_CONFIG     0x00000400         0x00000010         xr
FLASH_2          0x00000410         0x0001fbf0         xr
SRAM             0x1ffff000         0x00004000         rw
*default*        0x00000000         0xffffffff

Linker script and memory map

LOAD C:/NXP/S32DS_ARM_v2.0/S32DS/arm_ewl2/lib/armv6-m/__arm_start.o
LOAD ./src/spi.o
LOAD ./src/sbc_init.o
LOAD ./src/nvic.o
LOAD ./src/msCANgv.o
LOAD ./src/msCANdrv.o
LOAD ./src/msCANID.o
LOAD ./src/main.o
LOAD ./src/ics.o
LOAD ./src/clocks.o
LOAD ./src/WheelSpeed.o
LOAD ./src/UART.o
LOAD ./src/PWTModule.o
LOAD ./src/PWT.o
LOAD ./src/MSCAN_Module.o
LOAD ./src/LSM9DS0.o
LOAD ./src/Input_Scan.o
LOAD ./src/I2C.o
LOAD ./src/FTM.o
LOAD ./src/Error.o
LOAD ./src/ECU_Operations.o
LOAD ./src/ECU_Init.o
LOAD ./src/CAN.o
LOAD ./src/ADC.o
LOAD ./Project_Settings/Startup_Code/system_SKEAZ1284.o
LOAD ./Project_Settings/Startup_Code/startup_SKEAZ1284.o
START GROUP
LOAD C:/NXP/S32DS_ARM_v2.0/S32DS/arm_ewl2/lib/armv6-m\libc.a
LOAD C:/NXP/S32DS_ARM_v2.0/S32DS/arm_ewl2/lib/armv6-m\libm.a
LOAD c:/nxp/s32ds_arm_v2.0/cross_tools/gcc-arm-none-eabi-4_9/bin/../lib/gcc/arm-none-eabi/4.9.3/armv6-m\libgcc.a
LOAD C:/NXP/S32DS_ARM_v2.0/S32DS/arm_ewl2/lib/armv6-m\librt.a
END GROUP
LOAD C:/NXP/S32DS_ARM_v2.0/S32DS/arm_ewl2/lib/armv6-m/__arm_end.o
                0x20003000                _estack = 0x20003000
                0x20003000                __SP_INIT = _estack
                0x00000500                HEAP_SIZE = DEFINED (__heap_size__)?__heap_size__:0x500
                0x00000400                STACK_SIZE = DEFINED (__stack_size__)?__stack_size__:0x400

.interrupts     0x00000000       0xc0
                0x00000000                __VECTOR_TABLE = .
                0x00000000                . = ALIGN (0x4)
 *(.isr_vector)
 .isr_vector    0x00000000       0xc0 ./Project_Settings/Startup_Code/startup_SKEAZ1284.o
                0x00000000                __isr_vector
                0x000000c0                . = ALIGN (0x4)

.flash_config   0x00000400       0x10
                0x00000400                . = ALIGN (0x4)
 *(.FlashConfig)
 .FlashConfig   0x00000400       0x10 ./Project_Settings/Startup_Code/startup_SKEAZ1284.o
                0x00000410                . = ALIGN (0x4)

.text           0x00000410     0x59b8
                0x00000410                . = ALIGN (0x4)
 *(.text)
 .text          0x00000410       0x44 ./Project_Settings/Startup_Code/startup_SKEAZ1284.o
                0x00000410                Reset_Handler
                0x0000044c                Reserved16_IRQHandler
                0x0000044c                I2C0_IRQHandler
                0x0000044c                HardFault_Handler
                0x0000044c                SysTick_Handler
                0x0000044c                PendSV_Handler
                0x0000044c                NMI_Handler
                0x0000044c                I2C1_IRQHandler
                0x0000044c                Reserved19_IRQHandler
                0x0000044c                UART1_IRQHandler
                0x0000044c                UART0_IRQHandler
                0x0000044c                Reserved42_IRQHandler
                0x0000044c                DefaultISR
                0x0000044c                FTMRE_IRQHandler
                0x0000044c                RTC_IRQHandler
                0x0000044c                IRQ_IRQHandler
                0x0000044c                Reserved18_IRQHandler
                0x0000044c                FTM1_IRQHandler
                0x0000044c                UART2_IRQHandler
                0x0000044c                Reserved20_IRQHandler
                0x0000044c                Reserved17_IRQHandler
                0x0000044c                ACMP0_IRQHandler
                0x0000044c                WDOG_EWM_IRQHandler
                0x0000044c                SVC_Handler
                0x0000044c                LVD_LLW_IRQHandler
                0x0000044c                ICS_IRQHandler
                0x0000044c                PIT_CH1_IRQHandler
                0x0000044c                KBI0_IRQHandler
                0x0000044c                FTM0_IRQHandler
                0x0000044c                ACMP1_IRQHandler
                0x0000044c                KBI1_IRQHandler
 .text          0x00000454      0x120 c:/nxp/s32ds_arm_v2.0/cross_tools/gcc-arm-none-eabi-4_9/bin/../lib/gcc/arm-none-eabi/4.9.3/armv6-m\libgcc.a(_udivsi3.o)
                0x00000454                __aeabi_uidiv
                0x00000454                __udivsi3
                0x00000560                __aeabi_uidivmod
 .text          0x00000574        0x4 c:/nxp/s32ds_arm_v2.0/cross_tools/gcc-arm-none-eabi-4_9/bin/../lib/gcc/arm-none-eabi/4.9.3/armv6-m\libgcc.a(_dvmd_tls.o)
                0x00000574                __aeabi_idiv0
                0x00000574                __aeabi_ldiv0
 .text          0x00000578       0x7c c:/nxp/s32ds_arm_v2.0/cross_tools/gcc-arm-none-eabi-4_9/bin/../lib/gcc/arm-none-eabi/4.9.3/armv6-m\libgcc.a(_arm_cmpdf2.o)
                0x00000578                __aeabi_cdrcmple
                0x00000588                __aeabi_cdcmple
                0x00000588                __aeabi_cdcmpeq
                0x00000598                __aeabi_dcmpeq
                0x000005a4                __aeabi_dcmplt
                0x000005b8                __aeabi_dcmple
                0x000005cc                __aeabi_dcmpgt
                0x000005e0                __aeabi_dcmpge
 .text          0x000005f4       0x3c c:/nxp/s32ds_arm_v2.0/cross_tools/gcc-arm-none-eabi-4_9/bin/../lib/gcc/arm-none-eabi/4.9.3/armv6-m\libgcc.a(_fixunsdfsi.o)
                0x000005f4                __aeabi_d2uiz
                0x000005f4                __fixunsdfsi
 .text          0x00000630      0x650 c:/nxp/s32ds_arm_v2.0/cross_tools/gcc-arm-none-eabi-4_9/bin/../lib/gcc/arm-none-eabi/4.9.3/armv6-m\libgcc.a(adddf3.o)
                0x00000630                __aeabi_dadd
 .text          0x00000c80      0x648 c:/nxp/s32ds_arm_v2.0/cross_tools/gcc-arm-none-eabi-4_9/bin/../lib/gcc/arm-none-eabi/4.9.3/armv6-m\libgcc.a(divdf3.o)
                0x00000c80                __aeabi_ddiv
 .text          0x000012c8       0x88 c:/nxp/s32ds_arm_v2.0/cross_tools/gcc-arm-none-eabi-4_9/bin/../lib/gcc/arm-none-eabi/4.9.3/armv6-m\libgcc.a(eqdf2.o)
                0x000012c8                __nedf2
                0x000012c8                __eqdf2
 .text          0x00001350       0xe0 c:/nxp/s32ds_arm_v2.0/cross_tools/gcc-arm-none-eabi-4_9/bin/../lib/gcc/arm-none-eabi/4.9.3/armv6-m\libgcc.a(gedf2.o)
                0x00001350                __gedf2
                0x00001350                __gtdf2
 .text          0x00001430       0xcc c:/nxp/s32ds_arm_v2.0/cross_tools/gcc-arm-none-eabi-4_9/bin/../lib/gcc/arm-none-eabi/4.9.3/armv6-m\libgcc.a(ledf2.o)
                0x00001430                __ledf2
                0x00001430                __ltdf2
 .text          0x000014fc      0x534 c:/nxp/s32ds_arm_v2.0/cross_tools/gcc-arm-none-eabi-4_9/bin/../lib/gcc/arm-none-eabi/4.9.3/armv6-m\libgcc.a(muldf3.o)
                0x000014fc                __aeabi_dmul
 .text          0x00001a30      0x6f4 c:/nxp/s32ds_arm_v2.0/cross_tools/gcc-arm-none-eabi-4_9/bin/../lib/gcc/arm-none-eabi/4.9.3/armv6-m\libgcc.a(subdf3.o)
                0x00001a30                __aeabi_dsub
 .text          0x00002124       0x6c c:/nxp/s32ds_arm_v2.0/cross_tools/gcc-arm-none-eabi-4_9/bin/../lib/gcc/arm-none-eabi/4.9.3/armv6-m\libgcc.a(fixdfsi.o)
                0x00002124                __aeabi_d2iz
 .text          0x00002190       0x78 c:/nxp/s32ds_arm_v2.0/cross_tools/gcc-arm-none-eabi-4_9/bin/../lib/gcc/arm-none-eabi/4.9.3/armv6-m\libgcc.a(floatsidf.o)
                0x00002190                __aeabi_i2d
 .text          0x00002208       0x3c c:/nxp/s32ds_arm_v2.0/cross_tools/gcc-arm-none-eabi-4_9/bin/../lib/gcc/arm-none-eabi/4.9.3/armv6-m\libgcc.a(_clzsi2.o)
                0x00002208                __clzsi2
 *(.text*)
 .text.__thumb_startup
                0x00002244       0x3c C:/NXP/S32DS_ARM_v2.0/S32DS/arm_ewl2/lib/armv6-m/__arm_start.o
                0x00002244                __thumb_startup
 .text.SPI_SetLSBFirst
                0x00002280       0x20 ./src/spi.o
 .text.SPI_SetClockPol
                0x000022a0       0x40 ./src/spi.o
 .text.SPI_SetClockPhase
                0x000022e0       0x40 ./src/spi.o
 .text.SPI_Enable
                0x00002320       0x20 ./src/spi.o
 .text.SPI_IntEnable
                0x00002340       0x20 ./src/spi.o
 .text.SPI_SetMasterMode
                0x00002360       0x20 ./src/spi.o
 .text.SPI_SetSlaveMode
                0x00002380       0x20 ./src/spi.o
 .text.SPI_TxIntEnable
                0x000023a0       0x20 ./src/spi.o
 .text.SPI_SSOutputEnable
                0x000023c0       0x20 ./src/spi.o
 .text.SPI_MatchIntEnable
                0x000023e0       0x20 ./src/spi.o
 .text.SPI_ModfEnable
                0x00002400       0x20 ./src/spi.o
 .text.SPI_BidirOutEnable
                0x00002420       0x20 ./src/spi.o
 .text.SPI_ClockStopEnable
                0x00002440       0x20 ./src/spi.o
 .text.SPI_BidirPinEnable
                0x00002460       0x20 ./src/spi.o
 .text.SPI_IsSPRF
                0x00002480       0x1c ./src/spi.o
 .text.SPI_IsSPTEF
                0x0000249c       0x1c ./src/spi.o
 .text.SPI_ReadDataReg
                0x000024b8       0x18 ./src/spi.o
 .text.SPI_WriteDataReg
                0x000024d0       0x1c ./src/spi.o
 .text.SPI_Init
                0x000024ec      0x1d8 ./src/spi.o
                0x000024ec                SPI_Init
 .text.SPI_SetBaudRate
                0x000026c4       0xe4 ./src/spi.o
                0x000026c4                SPI_SetBaudRate
 .text.SPI_TransferWait
                0x000027a8       0x7c ./src/spi.o
                0x000027a8                SPI_TransferWait
 .text.SPI0_IRQHandler
                0x00002824       0x1c ./src/spi.o
                0x00002824                SPI0_IRQHandler
 .text.SPI1_IRQHandler
                0x00002840       0x1c ./src/spi.o
                0x00002840                SPI1_IRQHandler
 .text.SBC_Init
                0x0000285c       0x74 ./src/sbc_init.o
                0x0000285c                SBC_Init
 .text.Enable_SBC
                0x000028d0      0x13c ./src/sbc_init.o
                0x000028d0                Enable_SBC
 .text.NVIC_EnableIRQ
                0x00002a0c       0x2c ./src/nvic.o
 .text.NVIC_ClearPendingIRQ
                0x00002a38       0x30 ./src/nvic.o
 .text.Enable_Interrupt
                0x00002a68       0x2c ./src/nvic.o
                0x00002a68                Enable_Interrupt
 .text.Init_CAN
                0x00002a94      0x23c ./src/msCANdrv.o
                0x00002a94                Init_CAN
 .text.Reset_CAN
                0x00002cd0      0x108 ./src/msCANdrv.o
                0x00002cd0                Reset_CAN
 .text.Config_CAN_MB
                0x00002dd8      0x1e4 ./src/msCANdrv.o
                0x00002dd8                Config_CAN_MB
 .text.Load_CAN_MB
                0x00002fbc      0x1b8 ./src/msCANdrv.o
                0x00002fbc                Load_CAN_MB
 .text.Transmit_CAN_MB
                0x00003174      0x1c4 ./src/msCANdrv.o
                0x00003174                Transmit_CAN_MB
 .text.Read_CAN_MB_Data
                0x00003338       0x90 ./src/msCANdrv.o
                0x00003338                Read_CAN_MB_Data
 .text.Read_MB_Data
                0x000033c8      0x18c ./src/msCANdrv.o
                0x000033c8                Read_MB_Data
 .text.Queue_CAN_MB
                0x00003554      0x27c ./src/msCANdrv.o
                0x00003554                Queue_CAN_MB
 .text.Load_CAN_Buff
                0x000037d0      0x16c ./src/msCANdrv.o
                0x000037d0                Load_CAN_Buff
 .text.CAN_Transmit
                0x0000393c      0x498 ./src/msCANdrv.o
                0x0000393c                CAN_Transmit
 .text.CAN_Receive
                0x00003dd4      0x528 ./src/msCANdrv.o
                0x00003dd4                CAN_Receive
 .text.CAN_Wakeup
                0x000042fc       0x5c ./src/msCANdrv.o
                0x000042fc                CAN_Wakeup
 .text.CAN_ERR  0x00004358       0x8c ./src/msCANdrv.o
                0x00004358                CAN_ERR
 .text.main     0x000043e4      0x1f8 ./src/main.o
                0x000043e4                main
 .text.ICS_SetBusDivider
                0x000045dc       0x34 ./src/ics.o
 .text.FEI_factory_to_FEI_custom
                0x00004610       0x78 ./src/ics.o
                0x00004610                FEI_factory_to_FEI_custom
 .text.FEI_to_FEE
                0x00004688       0x84 ./src/ics.o
                0x00004688                FEI_to_FEE
 .text.FEI_to_FBI
                0x0000470c       0x7c ./src/ics.o
                0x0000470c                FEI_to_FBI
 .text.FEI_to_FBE
                0x00004788       0xa8 ./src/ics.o
                0x00004788                FEI_to_FBE
 .text.ICS_SetOscDivider
                0x00004830       0xc4 ./src/ics.o
                0x00004830                ICS_SetOscDivider
 .text.ICS_Init
                0x000048f4       0xa8 ./src/ics.o
                0x000048f4                ICS_Init
 .text.OSC_Init
                0x0000499c       0xdc ./src/ics.o
                0x0000499c                OSC_Init
 .text.init_clks_FEE_40MHz
                0x00004a78       0x5c ./src/clocks.o
                0x00004a78                init_clks_FEE_40MHz
 .text.calculateWheelSpeed
                0x00004ad4       0xf8 ./src/WheelSpeed.o
                0x00004ad4                calculateWheelSpeed
 .text.init_UART
                0x00004bcc       0x50 ./src/UART.o
                0x00004bcc                init_UART
 .text.PWT_IRQHandler
                0x00004c1c       0xc4 ./src/PWTModule.o
                0x00004c1c                PWT_IRQHandler
 .text.MSCAN_ModuleEn
                0x00004ce0       0x44 ./src/MSCAN_Module.o
                0x00004ce0                MSCAN_ModuleEn
 .text.MSCAN_RX_IRQHandler
                0x00004d24       0x10 ./src/MSCAN_Module.o
                0x00004d24                MSCAN_RX_IRQHandler
 .text.MSCAN_TX_IRQHandler
                0x00004d34       0x60 ./src/MSCAN_Module.o
                0x00004d34                MSCAN_TX_IRQHandler
 .text.PIT_CH0_IRQHandler
                0x00004d94       0x20 ./src/Input_Scan.o
                0x00004d94                PIT_CH0_IRQHandler
 .text.NVIC_EnableIRQ
                0x00004db4       0x2c ./src/FTM.o
 .text.NVIC_ClearPendingIRQ
                0x00004de0       0x30 ./src/FTM.o
 .text.NVIC_SetPriority
                0x00004e10       0xd4 ./src/FTM.o
 .text.init_FTM
                0x00004ee4       0xc8 ./src/FTM.o
                0x00004ee4                init_FTM
 .text.init_PWM
                0x00004fac       0x74 ./src/FTM.o
                0x00004fac                init_PWM
 .text.FTM2_IRQHandler
                0x00005020       0xc0 ./src/FTM.o
                0x00005020                FTM2_IRQHandler
 .text.set_Throttle_Value
                0x000050e0       0x4c ./src/ECU_Operations.o
                0x000050e0                set_Throttle_Value
 .text.init_ECU
                0x0000512c       0x38 ./src/ECU_Init.o
                0x0000512c                init_ECU
 .text.ID_to_BUF
                0x00005164       0x50 ./src/CAN.o
                0x00005164                ID_to_BUF
 .text.CAN_TransmitData
                0x000051b4       0x44 ./src/CAN.o
                0x000051b4                CAN_TransmitData
 .text.CAN_ReceiveData
                0x000051f8       0x30 ./src/CAN.o
                0x000051f8                CAN_ReceiveData
 .text.init_CAN_clocks
                0x00005228       0x68 ./src/CAN.o
                0x00005228                init_CAN_clocks
 .text.NVIC_EnableIRQ
                0x00005290       0x2c ./src/ADC.o
 .text.NVIC_ClearPendingIRQ
                0x000052bc       0x30 ./src/ADC.o
 .text.NVIC_SetPriority
                0x000052ec       0xd4 ./src/ADC.o
 .text.init_ADC
                0x000053c0       0x74 ./src/ADC.o
                0x000053c0                init_ADC
 .text.ADC0_IRQHandler
                0x00005434       0xb0 ./src/ADC.o
                0x00005434                ADC0_IRQHandler
 .text.read_adc_chx
                0x000054e4       0x20 ./src/ADC.o
                0x000054e4                read_adc_chx
 .text.SystemInit
                0x00005504       0x24 ./Project_Settings/Startup_Code/system_SKEAZ1284.o
                0x00005504                SystemInit
 .text.exit     0x00005528       0x38 C:/NXP/S32DS_ARM_v2.0/S32DS/arm_ewl2/lib/armv6-m\libc.a(exit.o)
                0x00005528                exit
 .text.memset   0x00005560        0xc C:/NXP/S32DS_ARM_v2.0/S32DS/arm_ewl2/lib/armv6-m\libc.a(memset.o)
                0x00005560                memset
 .text.__fill_mem
                0x0000556c       0x82 C:/NXP/S32DS_ARM_v2.0/S32DS/arm_ewl2/lib/armv6-m\libc.a(__filll_mem.o)
                0x0000556c                __fill_mem
 *fill*         0x000055ee        0x2 
 .text.round    0x000055f0       0x7c C:/NXP/S32DS_ARM_v2.0/S32DS/arm_ewl2/lib/armv6-m\libm.a(round.o)
                0x000055f0                round
 .text.modf     0x0000566c       0xc4 C:/NXP/S32DS_ARM_v2.0/S32DS/arm_ewl2/lib/armv6-m\libm.a(s_modf.o)
                0x0000566c                modf
 .text.__fpclassifyd
                0x00005730       0x38 C:/NXP/S32DS_ARM_v2.0/S32DS/arm_ewl2/lib/armv6-m\libm.a(math_api.o)
                0x00005730                __fpclassifyd
 .text.__init_cpp
                0x00005768       0x48 C:/NXP/S32DS_ARM_v2.0/S32DS/arm_ewl2/lib/armv6-m\librt.a(gcc_ctor_dtor.o)
                0x00005768                __init_cpp
 .text.__fini_cpp
                0x000057b0       0x34 C:/NXP/S32DS_ARM_v2.0/S32DS/arm_ewl2/lib/armv6-m\librt.a(gcc_ctor_dtor.o)
                0x000057b0                __fini_cpp
 .text._ExitProcess
                0x000057e4        0x2 C:/NXP/S32DS_ARM_v2.0/S32DS/arm_ewl2/lib/armv6-m\librt.a(gcc_ctor_dtor.o)
                0x000057e4                _ExitProcess
 *fill*         0x000057e6        0x2 
 .text.__destroy_global_chain
                0x000057e8       0x1c C:/NXP/S32DS_ARM_v2.0/S32DS/arm_ewl2/lib/armv6-m\librt.a(__arm_eabi_init.o)
                0x000057e8                __destroy_global_chain
 .text.__init_registers
                0x00005804       0x1c C:/NXP/S32DS_ARM_v2.0/S32DS/arm_ewl2/lib/armv6-m\librt.a(__arm_eabi_init.o)
                0x00005804                __init_registers
 .text.__init_hardware
                0x00005820        0x4 C:/NXP/S32DS_ARM_v2.0/S32DS/arm_ewl2/lib/armv6-m\librt.a(__arm_eabi_init.o)
                0x00005820                __init_hardware
 .text.__init_user
                0x00005824        0x4 C:/NXP/S32DS_ARM_v2.0/S32DS/arm_ewl2/lib/armv6-m\librt.a(__arm_eabi_init.o)
                0x00005824                __init_user
 .text.__copy_rom_section
                0x00005828       0x40 C:/NXP/S32DS_ARM_v2.0/S32DS/arm_ewl2/lib/armv6-m\librt.a(ROMCopy.o)
                0x00005828                __copy_rom_section
 .text.__copy_rom_sections_to_ram
                0x00005868       0x34 C:/NXP/S32DS_ARM_v2.0/S32DS/arm_ewl2/lib/armv6-m\librt.a(ROMCopy.o)
                0x00005868                __copy_rom_sections_to_ram
 *(.rodata)
 .rodata        0x0000589c       0x40 c:/nxp/s32ds_arm_v2.0/cross_tools/gcc-arm-none-eabi-4_9/bin/../lib/gcc/arm-none-eabi/4.9.3/armv6-m\libgcc.a(divdf3.o)
 .rodata        0x000058dc       0x40 c:/nxp/s32ds_arm_v2.0/cross_tools/gcc-arm-none-eabi-4_9/bin/../lib/gcc/arm-none-eabi/4.9.3/armv6-m\libgcc.a(muldf3.o)
 *(.rodata*)
 .rodata.NoOfMB
                0x0000591c        0x1 ./src/msCANgv.o
                0x0000591c                NoOfMB
 *fill*         0x0000591d        0x3 
 .rodata.NoOfID
                0x00005920        0x1 ./src/msCANgv.o
                0x00005920                NoOfID
 *fill*         0x00005921        0x3 
 .rodata.TimeStampOption
                0x00005924        0x1 ./src/msCANgv.o
                0x00005924                TimeStampOption
 *fill*         0x00005925        0x3 
 .rodata.REAL_TIME_BUFFER_Option
                0x00005928        0x1 ./src/msCANgv.o
                0x00005928                REAL_TIME_BUFFER_Option
 *fill*         0x00005929        0x3 
 .rodata.MSCANDef
                0x0000592c        0x4 ./src/msCANgv.o
                0x0000592c                MSCANDef
 .rodata.MSCANBuffers
                0x00005930        0x4 ./src/msCANgv.o
                0x00005930                MSCANBuffers
 .rodata.REALTIMEBuffers
                0x00005934        0x4 ./src/msCANgv.o
                0x00005934                REALTIMEBuffers
 .rodata.MSCANRegs
                0x00005938        0x4 ./src/msCANgv.o
                0x00005938                MSCANRegs
 .rodata.MSCANTXBuffers
                0x0000593c        0x4 ./src/msCANgv.o
                0x0000593c                MSCANTXBuffers
 .rodata.All_Identifier
                0x00005940      0x400 ./src/msCANID.o
                0x00005940                All_Identifier
 .rodata.MSCANIdentifier
                0x00005d40        0x4 ./src/msCANID.o
                0x00005d40                MSCANIdentifier
 .rodata.ID_to_BUF
                0x00005d44       0x5c ./src/CAN.o
 .rodata.ADC0_IRQHandler
                0x00005da0       0x28 ./src/ADC.o
 *(.glue_7)
 .glue_7        0x00000000        0x0 linker stubs
 *(.glue_7t)
 .glue_7t       0x00000000        0x0 linker stubs
 *(.eh_frame)
 *(.init)
 *(.fini)
                0x00005dc8                . = ALIGN (0x4)

.vfp11_veneer   0x00005dc8        0x0
 .vfp11_veneer  0x00000000        0x0 linker stubs

.v4_bx          0x00005dc8        0x0
 .v4_bx         0x00000000        0x0 linker stubs

.iplt           0x00005dc8        0x0
 .iplt          0x00000000        0x0 C:/NXP/S32DS_ARM_v2.0/S32DS/arm_ewl2/lib/armv6-m/__arm_start.o

.rel.dyn        0x00005dc8        0x0
 .rel.iplt      0x00000000        0x0 C:/NXP/S32DS_ARM_v2.0/S32DS/arm_ewl2/lib/armv6-m/__arm_start.o

.ARM.extab
 *(.ARM.extab* .gnu.linkonce.armextab.*)

.ARM            0x00005dc8        0x0
                0x00005dc8                __exidx_start = .
 *(.ARM.exidx*)
                0x00005dc8                __exidx_end = .

.ctors          0x00005dc8        0x0
                0x00005dc8                __CTOR_LIST__ = .
 *crtbegin.o(.ctors)
 *crtbegin?.o(.ctors)
 *(EXCLUDE_FILE(*crtend.o *crtend?.o) .ctors)
 *(SORT(.ctors.*))
 *(.ctors)
                0x00005dc8                __CTOR_END__ = .

.dtors          0x00005dc8        0x0
                0x00005dc8                __DTOR_LIST__ = .
 *crtbegin.o(.dtors)
 *crtbegin?.o(.dtors)
 *(EXCLUDE_FILE(*crtend.o *crtend?.o) .dtors)
 *(SORT(.dtors.*))
 *(.dtors)
                0x00005dc8                __DTOR_END__ = .

.preinit_array  0x00005dc8        0x0
                0x00005dc8                PROVIDE (__preinit_array_start, .)
 *(.preinit_array*)
                0x00005dc8                PROVIDE (__preinit_array_end, .)

.init_array     0x00005dc8        0x0
                0x00005dc8                PROVIDE (__init_array_start, .)
 *(SORT(.init_array.*))
 *(.init_array*)
                0x00005dc8                PROVIDE (__init_array_end, .)

.fini_array     0x00005dc8        0x0
                0x00005dc8                PROVIDE (__fini_array_start, .)
 *(SORT(.fini_array.*))
 *(.fini_array*)
                0x00005dc8                PROVIDE (__fini_array_end, .)
                0x00005dc8                __etext = .
                0x00005dc8                __DATA_ROM = .

.mtb            0x1ffff000        0x0
                0x1ffff000                . = ALIGN (0x8)
                0x1ffff000                _mtb_start = .
 *(.mtb_buf)
                0x1ffff000                . = ALIGN (0x8)
                0x1ffff000                _mtb_end = .

.data           0x1ffff000       0x40 load address 0x00005dc8
                0x1ffff000                . = ALIGN (0x4)
                0x1ffff000                __DATA_RAM = .
                0x1ffff000                __data_start__ = .
                0x1ffff000                _sdata = .
 *(.data)
 *(.data*)
 .data.spi_SBC_INIT_SEQ_PART0
                0x1ffff000        0x2 ./src/sbc_init.o
                0x1ffff000                spi_SBC_INIT_SEQ_PART0
 *fill*         0x1ffff002        0x2 
 .data.spi_SBC_INIT_SEQ_PART1
                0x1ffff004        0x2 ./src/sbc_init.o
                0x1ffff004                spi_SBC_INIT_SEQ_PART1
 *fill*         0x1ffff006        0x2 
 .data.spi_SBC_INIT_SEQ_PART2
                0x1ffff008        0x2 ./src/sbc_init.o
                0x1ffff008                spi_SBC_INIT_SEQ_PART2
 *fill*         0x1ffff00a        0x2 
 .data.spi_SBC_INIT_SEQ_PART3
                0x1ffff00c        0x2 ./src/sbc_init.o
                0x1ffff00c                spi_SBC_INIT_SEQ_PART3
 *fill*         0x1ffff00e        0x2 
 .data.spi_SBC_INIT_SEQ_PART4
                0x1ffff010        0x2 ./src/sbc_init.o
                0x1ffff010                spi_SBC_INIT_SEQ_PART4
 *fill*         0x1ffff012        0x2 
 .data.All_Def  0x1ffff014       0x15 ./src/msCANgv.o
                0x1ffff014                All_Def
 *fill*         0x1ffff029        0x3 
 .data.LowestQueuedBuffer
                0x1ffff02c        0x1 ./src/msCANgv.o
                0x1ffff02c                LowestQueuedBuffer
 *fill*         0x1ffff02d        0x3 
 .data.AbortMessage
                0x1ffff030        0x1 ./src/msCANgv.o
                0x1ffff030                AbortMessage
 *fill*         0x1ffff031        0x3 
 .data.vChnIdx  0x1ffff034        0x5 ./src/msCANgv.o
                0x1ffff034                vChnIdx
 *fill*         0x1ffff039        0x3 
 .data.flag     0x1ffff03c        0x4 ./src/ADC.o
                0x1ffff03c                flag
 *(.jcr*)
                0x1ffff040                . = ALIGN (0x4)
                0x1ffff040                __data_end__ = .
                0x1ffff040                _edata = .
                0x00005e08                __DATA_END = (__DATA_ROM + (__data_end__ - __data_start__))
                0x00000040                ___data_size = (_edata - _sdata)

.igot.plt       0x1ffff040        0x0 load address 0x00005e08
 .igot.plt      0x00000000        0x0 C:/NXP/S32DS_ARM_v2.0/S32DS/arm_ewl2/lib/armv6-m/__arm_start.o

.bss            0x1ffff040      0x1ac load address 0x00005e08
                0x1ffff040                . = ALIGN (0x4)
                0x1ffff040                __START_BSS = .
                0x1ffff040                __bss_start__ = .
 *(.bss)
 *(.bss*)
 .bss.argv      0x1ffff040        0x4 C:/NXP/S32DS_ARM_v2.0/S32DS/arm_ewl2/lib/armv6-m/__arm_start.o
 .bss.SPI_Callback
                0x1ffff044        0x8 ./src/spi.o
                0x1ffff044                SPI_Callback
 .bss.spi_data_receive16bit
                0x1ffff04c        0x2 ./src/sbc_init.o
                0x1ffff04c                spi_data_receive16bit
 *fill*         0x1ffff04e        0x2 
 .bss.data_RX_buffer
                0x1ffff050        0x9 ./src/main.o
                0x1ffff050                data_RX_buffer
 *fill*         0x1ffff059        0x3 
 .bss.telemetry_RX_buffer
                0x1ffff05c        0x9 ./src/main.o
                0x1ffff05c                telemetry_RX_buffer
 *fill*         0x1ffff065        0x3 
 .bss.data_TX_buffer
                0x1ffff068        0x9 ./src/main.o
                0x1ffff068                data_TX_buffer
 *fill*         0x1ffff071        0x3 
 .bss.Orion1_RX_buffer
                0x1ffff074        0x9 ./src/main.o
                0x1ffff074                Orion1_RX_buffer
 *fill*         0x1ffff07d        0x3 
 .bss.Orion2_RX_buffer
                0x1ffff080        0x9 ./src/main.o
                0x1ffff080                Orion2_RX_buffer
 *fill*         0x1ffff089        0x3 
 .bss.Orion3_RX_buffer
                0x1ffff08c        0x9 ./src/main.o
                0x1ffff08c                Orion3_RX_buffer
 *fill*         0x1ffff095        0x3 
 .bss.Orion4_RX_buffer
                0x1ffff098        0x9 ./src/main.o
                0x1ffff098                Orion4_RX_buffer
 *fill*         0x1ffff0a1        0x3 
 .bss.Orion5_RX_buffer
                0x1ffff0a4        0x9 ./src/main.o
                0x1ffff0a4                Orion5_RX_buffer
 *fill*         0x1ffff0ad        0x1 
 .bss.PulseWidth
                0x1ffff0ae        0x2 ./src/PWTModule.o
                0x1ffff0ae                PulseWidth
 .bss.Throttle_L
                0x1ffff0b0        0x2 ./src/ECU_Operations.o
                0x1ffff0b0                Throttle_L
 .bss.Throttle_R
                0x1ffff0b2        0x2 ./src/ECU_Operations.o
                0x1ffff0b2                Throttle_R
 .bss.currentChan
                0x1ffff0b4        0x1 ./src/ADC.o
                0x1ffff0b4                currentChan
 *fill*         0x1ffff0b5        0x3 
 .bss.adcResult
                0x1ffff0b8        0x4 ./src/ADC.o
                0x1ffff0b8                adcResult
 .bss.__stdio_exit
                0x1ffff0bc        0x4 C:/NXP/S32DS_ARM_v2.0/S32DS/arm_ewl2/lib/armv6-m\libc.a(exit.o)
                0x1ffff0bc                __stdio_exit
 .bss.__console_exit
                0x1ffff0c0        0x4 C:/NXP/S32DS_ARM_v2.0/S32DS/arm_ewl2/lib/armv6-m\libc.a(exit.o)
                0x1ffff0c0                __console_exit
 .bss.__global_destructor_chain
                0x1ffff0c4        0x4 C:/NXP/S32DS_ARM_v2.0/S32DS/arm_ewl2/lib/armv6-m\librt.a(__arm_eabi_init.o)
                0x1ffff0c4                __global_destructor_chain
 *(COMMON)
 COMMON         0x1ffff0c8      0x10c ./src/msCANgv.o
                0x1ffff0c8                All_TXBuffer
                0x1ffff0d0                ErrCallbacks_User_Def
                0x1ffff0d4                All_Buffer
                0x1ffff1b4                DriverFlags
                0x1ffff1bc                All_REALTIME_Buffer
                0x1ffff1d0                CCRcopy
 COMMON         0x1ffff1d4       0x14 ./src/main.o
                0x1ffff1d4                IMD_Fault
                0x1ffff1d5                BMS_Fault
                0x1ffff1d6                BSPD_Fault
                0x1ffff1d8                ADC_buf
                0x1ffff1e4                WheelSpeed
 COMMON         0x1ffff1e8        0x4 ./src/WheelSpeed.o
                0x1ffff1e8                PWT_buffer
                0x1ffff1ec                . = ALIGN (0x4)
                0x1ffff1ec                __bss_end__ = .
                0x1ffff1ec                __END_BSS = .
                0x00005e08                _romp_at = (__DATA_ROM + SIZEOF (.data))

.romp           0x1ffff1ec       0x18 load address 0x00005e08
                0x00005e08                __S_romp = _romp_at
                0x1ffff1ec        0x4 LONG 0x5dc8 __DATA_ROM
                0x1ffff1f0        0x4 LONG 0x1ffff000 _sdata
                0x1ffff1f4        0x4 LONG 0x40 ___data_size
                0x1ffff1f8        0x4 LONG 0x0
                0x1ffff1fc        0x4 LONG 0x0
                0x1ffff200        0x4 LONG 0x0

.heap           0x1ffff204      0x504 load address 0x00005e20
                0x1ffff208                . = ALIGN (0x8)
 *fill*         0x1ffff204        0x4 
                0x1ffff208                __end__ = .
                0x1ffff208                _end = .
                0x1ffff208                PROVIDE (end, .)
                0x1ffff208                __HeapBase = .
                0x1ffff708                . = (. + HEAP_SIZE)
 *fill*         0x1ffff208      0x500 
                0x1ffff708                __HeapLimit = .

.stack          0x1ffff708      0x400 load address 0x00006324
                0x1ffff708                . = ALIGN (0x8)
                0x1ffffb08                . = (. + STACK_SIZE)
 *fill*         0x1ffff708      0x400 
                0x1ffffb08                __StackTop = .
                0x1ffff708                __StackLimit = (__StackTop - STACK_SIZE)
                0x1ffffb08                PROVIDE (__stack, __StackTop)

.ARM.attributes
                0x00000000       0x2f
 *(.ARM.attributes)
 .ARM.attributes
                0x00000000       0x31 C:/NXP/S32DS_ARM_v2.0/S32DS/arm_ewl2/lib/armv6-m/__arm_start.o
 .ARM.attributes
                0x00000031       0x32 ./src/spi.o
 .ARM.attributes
                0x00000063       0x32 ./src/sbc_init.o
 .ARM.attributes
                0x00000095       0x32 ./src/nvic.o
 .ARM.attributes
                0x000000c7       0x32 ./src/msCANgv.o
 .ARM.attributes
                0x000000f9       0x32 ./src/msCANdrv.o
 .ARM.attributes
                0x0000012b       0x32 ./src/msCANID.o
 .ARM.attributes
                0x0000015d       0x32 ./src/main.o
 .ARM.attributes
                0x0000018f       0x32 ./src/ics.o
 .ARM.attributes
                0x000001c1       0x32 ./src/clocks.o
 .ARM.attributes
                0x000001f3       0x32 ./src/WheelSpeed.o
 .ARM.attributes
                0x00000225       0x32 ./src/UART.o
 .ARM.attributes
                0x00000257       0x32 ./src/PWTModule.o
 .ARM.attributes
                0x00000289       0x32 ./src/MSCAN_Module.o
 .ARM.attributes
                0x000002bb       0x32 ./src/Input_Scan.o
 .ARM.attributes
                0x000002ed       0x32 ./src/FTM.o
 .ARM.attributes
                0x0000031f       0x32 ./src/ECU_Operations.o
 .ARM.attributes
                0x00000351       0x32 ./src/ECU_Init.o
 .ARM.attributes
                0x00000383       0x32 ./src/CAN.o
 .ARM.attributes
                0x000003b5       0x32 ./src/ADC.o
 .ARM.attributes
                0x000003e7       0x32 ./Project_Settings/Startup_Code/system_SKEAZ1284.o
 .ARM.attributes
                0x00000419       0x1b ./Project_Settings/Startup_Code/startup_SKEAZ1284.o
 .ARM.attributes
                0x00000434       0x31 C:/NXP/S32DS_ARM_v2.0/S32DS/arm_ewl2/lib/armv6-m\libc.a(exit.o)
 .ARM.attributes
                0x00000465       0x31 C:/NXP/S32DS_ARM_v2.0/S32DS/arm_ewl2/lib/armv6-m\libc.a(memset.o)
 .ARM.attributes
                0x00000496       0x31 C:/NXP/S32DS_ARM_v2.0/S32DS/arm_ewl2/lib/armv6-m\libc.a(__filll_mem.o)
 .ARM.attributes
                0x000004c7       0x31 C:/NXP/S32DS_ARM_v2.0/S32DS/arm_ewl2/lib/armv6-m\libm.a(round.o)
 .ARM.attributes
                0x000004f8       0x31 C:/NXP/S32DS_ARM_v2.0/S32DS/arm_ewl2/lib/armv6-m\libm.a(s_modf.o)
 .ARM.attributes
                0x00000529       0x31 C:/NXP/S32DS_ARM_v2.0/S32DS/arm_ewl2/lib/armv6-m\libm.a(math_api.o)
 .ARM.attributes
                0x0000055a       0x1e c:/nxp/s32ds_arm_v2.0/cross_tools/gcc-arm-none-eabi-4_9/bin/../lib/gcc/arm-none-eabi/4.9.3/armv6-m\libgcc.a(_udivsi3.o)
 .ARM.attributes
                0x00000578       0x1e c:/nxp/s32ds_arm_v2.0/cross_tools/gcc-arm-none-eabi-4_9/bin/../lib/gcc/arm-none-eabi/4.9.3/armv6-m\libgcc.a(_dvmd_tls.o)
 .ARM.attributes
                0x00000596       0x1e c:/nxp/s32ds_arm_v2.0/cross_tools/gcc-arm-none-eabi-4_9/bin/../lib/gcc/arm-none-eabi/4.9.3/armv6-m\libgcc.a(_arm_cmpdf2.o)
 .ARM.attributes
                0x000005b4       0x2c c:/nxp/s32ds_arm_v2.0/cross_tools/gcc-arm-none-eabi-4_9/bin/../lib/gcc/arm-none-eabi/4.9.3/armv6-m\libgcc.a(_fixunsdfsi.o)
 .ARM.attributes
                0x000005e0       0x2c c:/nxp/s32ds_arm_v2.0/cross_tools/gcc-arm-none-eabi-4_9/bin/../lib/gcc/arm-none-eabi/4.9.3/armv6-m\libgcc.a(adddf3.o)
 .ARM.attributes
                0x0000060c       0x2c c:/nxp/s32ds_arm_v2.0/cross_tools/gcc-arm-none-eabi-4_9/bin/../lib/gcc/arm-none-eabi/4.9.3/armv6-m\libgcc.a(divdf3.o)
 .ARM.attributes
                0x00000638       0x2c c:/nxp/s32ds_arm_v2.0/cross_tools/gcc-arm-none-eabi-4_9/bin/../lib/gcc/arm-none-eabi/4.9.3/armv6-m\libgcc.a(eqdf2.o)
 .ARM.attributes
                0x00000664       0x2c c:/nxp/s32ds_arm_v2.0/cross_tools/gcc-arm-none-eabi-4_9/bin/../lib/gcc/arm-none-eabi/4.9.3/armv6-m\libgcc.a(gedf2.o)
 .ARM.attributes
                0x00000690       0x2c c:/nxp/s32ds_arm_v2.0/cross_tools/gcc-arm-none-eabi-4_9/bin/../lib/gcc/arm-none-eabi/4.9.3/armv6-m\libgcc.a(ledf2.o)
 .ARM.attributes
                0x000006bc       0x2c c:/nxp/s32ds_arm_v2.0/cross_tools/gcc-arm-none-eabi-4_9/bin/../lib/gcc/arm-none-eabi/4.9.3/armv6-m\libgcc.a(muldf3.o)
 .ARM.attributes
                0x000006e8       0x2c c:/nxp/s32ds_arm_v2.0/cross_tools/gcc-arm-none-eabi-4_9/bin/../lib/gcc/arm-none-eabi/4.9.3/armv6-m\libgcc.a(subdf3.o)
 .ARM.attributes
                0x00000714       0x2c c:/nxp/s32ds_arm_v2.0/cross_tools/gcc-arm-none-eabi-4_9/bin/../lib/gcc/arm-none-eabi/4.9.3/armv6-m\libgcc.a(fixdfsi.o)
 .ARM.attributes
                0x00000740       0x2c c:/nxp/s32ds_arm_v2.0/cross_tools/gcc-arm-none-eabi-4_9/bin/../lib/gcc/arm-none-eabi/4.9.3/armv6-m\libgcc.a(floatsidf.o)
 .ARM.attributes
                0x0000076c       0x1e c:/nxp/s32ds_arm_v2.0/cross_tools/gcc-arm-none-eabi-4_9/bin/../lib/gcc/arm-none-eabi/4.9.3/armv6-m\libgcc.a(_clzsi2.o)
 .ARM.attributes
                0x0000078a       0x31 C:/NXP/S32DS_ARM_v2.0/S32DS/arm_ewl2/lib/armv6-m\librt.a(gcc_ctor_dtor.o)
 .ARM.attributes
                0x000007bb       0x31 C:/NXP/S32DS_ARM_v2.0/S32DS/arm_ewl2/lib/armv6-m\librt.a(__arm_eabi_init.o)
 .ARM.attributes
                0x000007ec       0x31 C:/NXP/S32DS_ARM_v2.0/S32DS/arm_ewl2/lib/armv6-m\librt.a(ROMCopy.o)
OUTPUT(ECU.elf elf32-littlearm)

.debug_info     0x00000000     0xce85
 .debug_info    0x00000000      0x144 C:/NXP/S32DS_ARM_v2.0/S32DS/arm_ewl2/lib/armv6-m/__arm_start.o
 .debug_info    0x00000144      0x8b9 ./src/spi.o
 .debug_info    0x000009fd      0x365 ./src/sbc_init.o
 .debug_info    0x00000d62      0x34f ./src/nvic.o
 .debug_info    0x000010b1     0x34ae ./src/msCANgv.o
 .debug_info    0x0000455f     0x3fe0 ./src/msCANdrv.o
 .debug_info    0x0000853f      0x101 ./src/msCANID.o
 .debug_info    0x00008640      0x325 ./src/main.o
 .debug_info    0x00008965      0x614 ./src/ics.o
 .debug_info    0x00008f79      0x1c2 ./src/clocks.o
 .debug_info    0x0000913b      0x135 ./src/WheelSpeed.o
 .debug_info    0x00009270      0x29c ./src/UART.o
 .debug_info    0x0000950c      0x4c9 ./src/PWTModule.o
 .debug_info    0x000099d5      0x60c ./src/MSCAN_Module.o
 .debug_info    0x00009fe1      0x60f ./src/Input_Scan.o
 .debug_info    0x0000a5f0      0x6c6 ./src/FTM.o
 .debug_info    0x0000acb6      0x40c ./src/ECU_Operations.o
 .debug_info    0x0000b0c2      0x1a0 ./src/ECU_Init.o
 .debug_info    0x0000b262      0x3eb ./src/CAN.o
 .debug_info    0x0000b64d      0x5c7 ./src/ADC.o
 .debug_info    0x0000bc14      0x31d ./Project_Settings/Startup_Code/system_SKEAZ1284.o
 .debug_info    0x0000bf31       0x8d ./Project_Settings/Startup_Code/startup_SKEAZ1284.o
 .debug_info    0x0000bfbe       0xe8 C:/NXP/S32DS_ARM_v2.0/S32DS/arm_ewl2/lib/armv6-m\libc.a(exit.o)
 .debug_info    0x0000c0a6       0xec C:/NXP/S32DS_ARM_v2.0/S32DS/arm_ewl2/lib/armv6-m\libc.a(memset.o)
 .debug_info    0x0000c192      0x137 C:/NXP/S32DS_ARM_v2.0/S32DS/arm_ewl2/lib/armv6-m\libc.a(__filll_mem.o)
 .debug_info    0x0000c2c9       0xec C:/NXP/S32DS_ARM_v2.0/S32DS/arm_ewl2/lib/armv6-m\libm.a(round.o)
 .debug_info    0x0000c3b5      0x1bf C:/NXP/S32DS_ARM_v2.0/S32DS/arm_ewl2/lib/armv6-m\libm.a(s_modf.o)
 .debug_info    0x0000c574      0x303 C:/NXP/S32DS_ARM_v2.0/S32DS/arm_ewl2/lib/armv6-m\libm.a(math_api.o)
 .debug_info    0x0000c877      0x14a C:/NXP/S32DS_ARM_v2.0/S32DS/arm_ewl2/lib/armv6-m\librt.a(gcc_ctor_dtor.o)
 .debug_info    0x0000c9c1      0x2b5 C:/NXP/S32DS_ARM_v2.0/S32DS/arm_ewl2/lib/armv6-m\librt.a(__arm_eabi_init.o)
 .debug_info    0x0000cc76      0x20f C:/NXP/S32DS_ARM_v2.0/S32DS/arm_ewl2/lib/armv6-m\librt.a(ROMCopy.o)

.debug_abbrev   0x00000000     0x20f3
 .debug_abbrev  0x00000000       0xc0 C:/NXP/S32DS_ARM_v2.0/S32DS/arm_ewl2/lib/armv6-m/__arm_start.o
 .debug_abbrev  0x000000c0      0x208 ./src/spi.o
 .debug_abbrev  0x000002c8      0x10c ./src/sbc_init.o
 .debug_abbrev  0x000003d4      0x11a ./src/nvic.o
 .debug_abbrev  0x000004ee      0x196 ./src/msCANgv.o
 .debug_abbrev  0x00000684      0x2a4 ./src/msCANdrv.o
 .debug_abbrev  0x00000928       0xa5 ./src/msCANID.o
 .debug_abbrev  0x000009cd      0x130 ./src/main.o
 .debug_abbrev  0x00000afd      0x191 ./src/ics.o
 .debug_abbrev  0x00000c8e       0x98 ./src/clocks.o
 .debug_abbrev  0x00000d26       0xac ./src/WheelSpeed.o
 .debug_abbrev  0x00000dd2      0x12f ./src/UART.o
 .debug_abbrev  0x00000f01      0x125 ./src/PWTModule.o
 .debug_abbrev  0x00001026      0x101 ./src/MSCAN_Module.o
 .debug_abbrev  0x00001127      0x14e ./src/Input_Scan.o
 .debug_abbrev  0x00001275      0x13d ./src/FTM.o
 .debug_abbrev  0x000013b2       0xe1 ./src/ECU_Operations.o
 .debug_abbrev  0x00001493       0xaa ./src/ECU_Init.o
 .debug_abbrev  0x0000153d      0x1af ./src/CAN.o
 .debug_abbrev  0x000016ec      0x1bc ./src/ADC.o
 .debug_abbrev  0x000018a8      0x102 ./Project_Settings/Startup_Code/system_SKEAZ1284.o
 .debug_abbrev  0x000019aa       0x14 ./Project_Settings/Startup_Code/startup_SKEAZ1284.o
 .debug_abbrev  0x000019be       0x7a C:/NXP/S32DS_ARM_v2.0/S32DS/arm_ewl2/lib/armv6-m\libc.a(exit.o)
 .debug_abbrev  0x00001a38       0x62 C:/NXP/S32DS_ARM_v2.0/S32DS/arm_ewl2/lib/armv6-m\libc.a(memset.o)
 .debug_abbrev  0x00001a9a       0x78 C:/NXP/S32DS_ARM_v2.0/S32DS/arm_ewl2/lib/armv6-m\libc.a(__filll_mem.o)
 .debug_abbrev  0x00001b12       0x86 C:/NXP/S32DS_ARM_v2.0/S32DS/arm_ewl2/lib/armv6-m\libm.a(round.o)
 .debug_abbrev  0x00001b98       0xdd C:/NXP/S32DS_ARM_v2.0/S32DS/arm_ewl2/lib/armv6-m\libm.a(s_modf.o)
 .debug_abbrev  0x00001c75       0xe8 C:/NXP/S32DS_ARM_v2.0/S32DS/arm_ewl2/lib/armv6-m\libm.a(math_api.o)
 .debug_abbrev  0x00001d5d       0xae C:/NXP/S32DS_ARM_v2.0/S32DS/arm_ewl2/lib/armv6-m\librt.a(gcc_ctor_dtor.o)
 .debug_abbrev  0x00001e0b      0x1ba C:/NXP/S32DS_ARM_v2.0/S32DS/arm_ewl2/lib/armv6-m\librt.a(__arm_eabi_init.o)
 .debug_abbrev  0x00001fc5      0x12e C:/NXP/S32DS_ARM_v2.0/S32DS/arm_ewl2/lib/armv6-m\librt.a(ROMCopy.o)

.debug_aranges  0x00000000      0x858
 .debug_aranges
                0x00000000       0x28 C:/NXP/S32DS_ARM_v2.0/S32DS/arm_ewl2/lib/armv6-m/__arm_start.o
 .debug_aranges
                0x00000028       0xe0 ./src/spi.o
 .debug_aranges
                0x00000108       0x28 ./src/sbc_init.o
 .debug_aranges
                0x00000130       0x48 ./src/nvic.o
 .debug_aranges
                0x00000178       0x18 ./src/msCANgv.o
 .debug_aranges
                0x00000190       0xd8 ./src/msCANdrv.o
 .debug_aranges
                0x00000268       0x18 ./src/msCANID.o
 .debug_aranges
                0x00000280       0x38 ./src/main.o
 .debug_aranges
                0x000002b8       0xd8 ./src/ics.o
 .debug_aranges
                0x00000390       0x28 ./src/clocks.o
 .debug_aranges
                0x000003b8       0x28 ./src/WheelSpeed.o
 .debug_aranges
                0x000003e0       0x48 ./src/UART.o
 .debug_aranges
                0x00000428       0x40 ./src/PWTModule.o
 .debug_aranges
                0x00000468       0x30 ./src/MSCAN_Module.o
 .debug_aranges
                0x00000498       0x48 ./src/Input_Scan.o
 .debug_aranges
                0x000004e0       0x48 ./src/FTM.o
 .debug_aranges
                0x00000528       0x30 ./src/ECU_Operations.o
 .debug_aranges
                0x00000558       0x20 ./src/ECU_Init.o
 .debug_aranges
                0x00000578       0x80 ./src/CAN.o
 .debug_aranges
                0x000005f8       0x60 ./src/ADC.o
 .debug_aranges
                0x00000658       0x28 ./Project_Settings/Startup_Code/system_SKEAZ1284.o
 .debug_aranges
                0x00000680       0x20 ./Project_Settings/Startup_Code/startup_SKEAZ1284.o
 .debug_aranges
                0x000006a0       0x20 C:/NXP/S32DS_ARM_v2.0/S32DS/arm_ewl2/lib/armv6-m\libc.a(exit.o)
 .debug_aranges
                0x000006c0       0x20 C:/NXP/S32DS_ARM_v2.0/S32DS/arm_ewl2/lib/armv6-m\libc.a(memset.o)
 .debug_aranges
                0x000006e0       0x20 C:/NXP/S32DS_ARM_v2.0/S32DS/arm_ewl2/lib/armv6-m\libc.a(__filll_mem.o)
 .debug_aranges
                0x00000700       0x20 C:/NXP/S32DS_ARM_v2.0/S32DS/arm_ewl2/lib/armv6-m\libm.a(round.o)
 .debug_aranges
                0x00000720       0x20 C:/NXP/S32DS_ARM_v2.0/S32DS/arm_ewl2/lib/armv6-m\libm.a(s_modf.o)
 .debug_aranges
                0x00000740       0x60 C:/NXP/S32DS_ARM_v2.0/S32DS/arm_ewl2/lib/armv6-m\libm.a(math_api.o)
 .debug_aranges
                0x000007a0       0x30 C:/NXP/S32DS_ARM_v2.0/S32DS/arm_ewl2/lib/armv6-m\librt.a(gcc_ctor_dtor.o)
 .debug_aranges
                0x000007d0       0x58 C:/NXP/S32DS_ARM_v2.0/S32DS/arm_ewl2/lib/armv6-m\librt.a(__arm_eabi_init.o)
 .debug_aranges
                0x00000828       0x30 C:/NXP/S32DS_ARM_v2.0/S32DS/arm_ewl2/lib/armv6-m\librt.a(ROMCopy.o)

.debug_line     0x00000000     0x464f
 .debug_line    0x00000000       0x68 C:/NXP/S32DS_ARM_v2.0/S32DS/arm_ewl2/lib/armv6-m/__arm_start.o
 .debug_line    0x00000068      0x456 ./src/spi.o
 .debug_line    0x000004be      0x287 ./src/sbc_init.o
 .debug_line    0x00000745      0x260 ./src/nvic.o
 .debug_line    0x000009a5      0x11f ./src/msCANgv.o
 .debug_line    0x00000ac4      0x7b0 ./src/msCANdrv.o
 .debug_line    0x00001274      0x12d ./src/msCANID.o
 .debug_line    0x000013a1      0x49d ./src/main.o
 .debug_line    0x0000183e      0x4fd ./src/ics.o
 .debug_line    0x00001d3b      0x236 ./src/clocks.o
 .debug_line    0x00001f71      0x2df ./src/WheelSpeed.o
 .debug_line    0x00002250      0x28d ./src/UART.o
 .debug_line    0x000024dd      0x28d ./src/PWTModule.o
 .debug_line    0x0000276a      0x292 ./src/MSCAN_Module.o
 .debug_line    0x000029fc      0x292 ./src/Input_Scan.o
 .debug_line    0x00002c8e      0x292 ./src/FTM.o
 .debug_line    0x00002f20      0x2f3 ./src/ECU_Operations.o
 .debug_line    0x00003213      0x326 ./src/ECU_Init.o
 .debug_line    0x00003539      0x3c3 ./src/CAN.o
 .debug_line    0x000038fc      0x3d0 ./src/ADC.o
 .debug_line    0x00003ccc      0x232 ./Project_Settings/Startup_Code/system_SKEAZ1284.o
 .debug_line    0x00003efe       0x86 ./Project_Settings/Startup_Code/startup_SKEAZ1284.o
 .debug_line    0x00003f84       0x8d C:/NXP/S32DS_ARM_v2.0/S32DS/arm_ewl2/lib/armv6-m\libc.a(exit.o)
 .debug_line    0x00004011       0x90 C:/NXP/S32DS_ARM_v2.0/S32DS/arm_ewl2/lib/armv6-m\libc.a(memset.o)
 .debug_line    0x000040a1       0xaf C:/NXP/S32DS_ARM_v2.0/S32DS/arm_ewl2/lib/armv6-m\libc.a(__filll_mem.o)
 .debug_line    0x00004150       0x8e C:/NXP/S32DS_ARM_v2.0/S32DS/arm_ewl2/lib/armv6-m\libm.a(round.o)
 .debug_line    0x000041de       0xc9 C:/NXP/S32DS_ARM_v2.0/S32DS/arm_ewl2/lib/armv6-m\libm.a(s_modf.o)
 .debug_line    0x000042a7      0x179 C:/NXP/S32DS_ARM_v2.0/S32DS/arm_ewl2/lib/armv6-m\libm.a(math_api.o)
 .debug_line    0x00004420       0x74 C:/NXP/S32DS_ARM_v2.0/S32DS/arm_ewl2/lib/armv6-m\librt.a(gcc_ctor_dtor.o)
 .debug_line    0x00004494      0x10f C:/NXP/S32DS_ARM_v2.0/S32DS/arm_ewl2/lib/armv6-m\librt.a(__arm_eabi_init.o)
 .debug_line    0x000045a3       0xac C:/NXP/S32DS_ARM_v2.0/S32DS/arm_ewl2/lib/armv6-m\librt.a(ROMCopy.o)

.debug_str      0x00000000    0x528ff
 .debug_str     0x00000000      0x1e7 C:/NXP/S32DS_ARM_v2.0/S32DS/arm_ewl2/lib/armv6-m/__arm_start.o
                                0x270 (size before relaxing)
 .debug_str     0x000001e7    0x2c897 ./src/spi.o
                              0x2cc69 (size before relaxing)
 .debug_str     0x0002ca7e      0x748 ./src/sbc_init.o
                              0x2cf1d (size before relaxing)
 .debug_str     0x0002d1c6       0xdf ./src/nvic.o
                              0x2c866 (size before relaxing)
 .debug_str     0x0002d2a5    0x12749 ./src/msCANgv.o
                              0x14bff (size before relaxing)
 .debug_str     0x0003f9ee      0x51d ./src/msCANdrv.o
                              0x2f213 (size before relaxing)
 .debug_str     0x0003ff0b     0xef49 ./src/msCANID.o
                              0x232ec (size before relaxing)
 .debug_str     0x0004ee54     0x27c4 ./src/main.o
                              0x30d1d (size before relaxing)
 .debug_str     0x00051618      0x376 ./src/ics.o
                              0x2c983 (size before relaxing)
 .debug_str     0x0005198e       0x38 ./src/clocks.o
                              0x2c651 (size before relaxing)
 .debug_str     0x000519c6       0xbc ./src/WheelSpeed.o
                              0x2deac (size before relaxing)
 .debug_str     0x00051a82       0x8b ./src/UART.o
                              0x2c6cb (size before relaxing)
 .debug_str     0x00051b0d       0x85 ./src/PWTModule.o
                              0x2c91c (size before relaxing)
 .debug_str     0x00051b92      0x11e ./src/MSCAN_Module.o
                              0x2e87e (size before relaxing)
 .debug_str     0x00051cb0       0x72 ./src/Input_Scan.o
                              0x2cb29 (size before relaxing)
 .debug_str     0x00051d22       0xfc ./src/FTM.o
                              0x2c9ec (size before relaxing)
 .debug_str     0x00051e1e      0x19c ./src/ECU_Operations.o
                              0x2d061 (size before relaxing)
 .debug_str     0x00051fba       0x27 ./src/ECU_Init.o
                              0x2d3ae (size before relaxing)
 .debug_str     0x00051fe1       0xb5 ./src/CAN.o
                              0x2f609 (size before relaxing)
 .debug_str     0x00052096       0xc8 ./src/ADC.o
                              0x2d039 (size before relaxing)
 .debug_str     0x0005215e       0xb7 ./Project_Settings/Startup_Code/system_SKEAZ1284.o
                              0x2c6d6 (size before relaxing)
 .debug_str     0x00052215      0x170 C:/NXP/S32DS_ARM_v2.0/S32DS/arm_ewl2/lib/armv6-m\libc.a(exit.o)
                                0x22d (size before relaxing)
 .debug_str     0x00052385       0x1c C:/NXP/S32DS_ARM_v2.0/S32DS/arm_ewl2/lib/armv6-m\libc.a(memset.o)
                                0x216 (size before relaxing)
 .debug_str     0x000523a1       0x2d C:/NXP/S32DS_ARM_v2.0/S32DS/arm_ewl2/lib/armv6-m\libc.a(__filll_mem.o)
                                0x228 (size before relaxing)
 .debug_str     0x000523ce      0x163 C:/NXP/S32DS_ARM_v2.0/S32DS/arm_ewl2/lib/armv6-m\libm.a(round.o)
                                0x221 (size before relaxing)
 .debug_str     0x00052531       0x30 C:/NXP/S32DS_ARM_v2.0/S32DS/arm_ewl2/lib/armv6-m\libm.a(s_modf.o)
                                0x234 (size before relaxing)
 .debug_str     0x00052561       0xe7 C:/NXP/S32DS_ARM_v2.0/S32DS/arm_ewl2/lib/armv6-m\libm.a(math_api.o)
                                0x307 (size before relaxing)
 .debug_str     0x00052648      0x113 C:/NXP/S32DS_ARM_v2.0/S32DS/arm_ewl2/lib/armv6-m\librt.a(gcc_ctor_dtor.o)
                                0x28e (size before relaxing)
 .debug_str     0x0005275b      0x103 C:/NXP/S32DS_ARM_v2.0/S32DS/arm_ewl2/lib/armv6-m\librt.a(__arm_eabi_init.o)
                                0x2b5 (size before relaxing)
 .debug_str     0x0005285e       0xa1 C:/NXP/S32DS_ARM_v2.0/S32DS/arm_ewl2/lib/armv6-m\librt.a(ROMCopy.o)
                                0x233 (size before relaxing)

.comment        0x00000000       0x70
 .comment       0x00000000       0x70 C:/NXP/S32DS_ARM_v2.0/S32DS/arm_ewl2/lib/armv6-m/__arm_start.o
                                 0x71 (size before relaxing)
 .comment       0x00000000       0x71 ./src/spi.o
 .comment       0x00000000       0x71 ./src/sbc_init.o
 .comment       0x00000000       0x71 ./src/nvic.o
 .comment       0x00000000       0x71 ./src/msCANgv.o
 .comment       0x00000000       0x71 ./src/msCANdrv.o
 .comment       0x00000000       0x71 ./src/msCANID.o
 .comment       0x00000000       0x71 ./src/main.o
 .comment       0x00000000       0x71 ./src/ics.o
 .comment       0x00000000       0x71 ./src/clocks.o
 .comment       0x00000000       0x71 ./src/WheelSpeed.o
 .comment       0x00000000       0x71 ./src/UART.o
 .comment       0x00000000       0x71 ./src/PWTModule.o
 .comment       0x00000000       0x71 ./src/MSCAN_Module.o
 .comment       0x00000000       0x71 ./src/Input_Scan.o
 .comment       0x00000000       0x71 ./src/FTM.o
 .comment       0x00000000       0x71 ./src/ECU_Operations.o
 .comment       0x00000000       0x71 ./src/ECU_Init.o
 .comment       0x00000000       0x71 ./src/CAN.o
 .comment       0x00000000       0x71 ./src/ADC.o
 .comment       0x00000000       0x71 ./Project_Settings/Startup_Code/system_SKEAZ1284.o
 .comment       0x00000000       0x71 C:/NXP/S32DS_ARM_v2.0/S32DS/arm_ewl2/lib/armv6-m\libc.a(exit.o)
 .comment       0x00000000       0x71 C:/NXP/S32DS_ARM_v2.0/S32DS/arm_ewl2/lib/armv6-m\libc.a(memset.o)
 .comment       0x00000000       0x71 C:/NXP/S32DS_ARM_v2.0/S32DS/arm_ewl2/lib/armv6-m\libc.a(__filll_mem.o)
 .comment       0x00000000       0x71 C:/NXP/S32DS_ARM_v2.0/S32DS/arm_ewl2/lib/armv6-m\libm.a(round.o)
 .comment       0x00000000       0x71 C:/NXP/S32DS_ARM_v2.0/S32DS/arm_ewl2/lib/armv6-m\libm.a(s_modf.o)
 .comment       0x00000000       0x71 C:/NXP/S32DS_ARM_v2.0/S32DS/arm_ewl2/lib/armv6-m\libm.a(math_api.o)
 .comment       0x00000000       0x71 C:/NXP/S32DS_ARM_v2.0/S32DS/arm_ewl2/lib/armv6-m\librt.a(gcc_ctor_dtor.o)
 .comment       0x00000000       0x71 C:/NXP/S32DS_ARM_v2.0/S32DS/arm_ewl2/lib/armv6-m\librt.a(__arm_eabi_init.o)
 .comment       0x00000000       0x71 C:/NXP/S32DS_ARM_v2.0/S32DS/arm_ewl2/lib/armv6-m\librt.a(ROMCopy.o)

.debug_frame    0x00000000     0x180c
 .debug_frame   0x00000000       0x30 C:/NXP/S32DS_ARM_v2.0/S32DS/arm_ewl2/lib/armv6-m/__arm_start.o
 .debug_frame   0x00000030      0x328 ./src/spi.o
 .debug_frame   0x00000358       0x50 ./src/sbc_init.o
 .debug_frame   0x000003a8       0xd0 ./src/nvic.o
 .debug_frame   0x00000478      0x318 ./src/msCANdrv.o
 .debug_frame   0x00000790       0x8c ./src/main.o
 .debug_frame   0x0000081c      0x308 ./src/ics.o
 .debug_frame   0x00000b24       0x48 ./src/clocks.o
 .debug_frame   0x00000b6c       0x4c ./src/WheelSpeed.o
 .debug_frame   0x00000bb8       0xcc ./src/UART.o
 .debug_frame   0x00000c84       0xac ./src/PWTModule.o
 .debug_frame   0x00000d30       0x64 ./src/MSCAN_Module.o
 .debug_frame   0x00000d94       0xc8 ./src/Input_Scan.o
 .debug_frame   0x00000e5c       0xc8 ./src/FTM.o
 .debug_frame   0x00000f24       0x70 ./src/ECU_Operations.o
 .debug_frame   0x00000f94       0x2c ./src/ECU_Init.o
 .debug_frame   0x00000fc0      0x190 ./src/CAN.o
 .debug_frame   0x00001150      0x12c ./src/ADC.o
 .debug_frame   0x0000127c       0x4c ./Project_Settings/Startup_Code/system_SKEAZ1284.o
 .debug_frame   0x000012c8       0x2c C:/NXP/S32DS_ARM_v2.0/S32DS/arm_ewl2/lib/armv6-m\libc.a(exit.o)
 .debug_frame   0x000012f4       0x28 C:/NXP/S32DS_ARM_v2.0/S32DS/arm_ewl2/lib/armv6-m\libc.a(memset.o)
 .debug_frame   0x0000131c       0x2c C:/NXP/S32DS_ARM_v2.0/S32DS/arm_ewl2/lib/armv6-m\libc.a(__filll_mem.o)
 .debug_frame   0x00001348       0x34 C:/NXP/S32DS_ARM_v2.0/S32DS/arm_ewl2/lib/armv6-m\libm.a(round.o)
 .debug_frame   0x0000137c       0x2c C:/NXP/S32DS_ARM_v2.0/S32DS/arm_ewl2/lib/armv6-m\libm.a(s_modf.o)
 .debug_frame   0x000013a8       0xd0 C:/NXP/S32DS_ARM_v2.0/S32DS/arm_ewl2/lib/armv6-m\libm.a(math_api.o)
 .debug_frame   0x00001478       0x20 c:/nxp/s32ds_arm_v2.0/cross_tools/gcc-arm-none-eabi-4_9/bin/../lib/gcc/arm-none-eabi/4.9.3/armv6-m\libgcc.a(_udivsi3.o)
 .debug_frame   0x00001498       0x2c c:/nxp/s32ds_arm_v2.0/cross_tools/gcc-arm-none-eabi-4_9/bin/../lib/gcc/arm-none-eabi/4.9.3/armv6-m\libgcc.a(_fixunsdfsi.o)
 .debug_frame   0x000014c4       0x38 c:/nxp/s32ds_arm_v2.0/cross_tools/gcc-arm-none-eabi-4_9/bin/../lib/gcc/arm-none-eabi/4.9.3/armv6-m\libgcc.a(adddf3.o)
 .debug_frame   0x000014fc       0x3c c:/nxp/s32ds_arm_v2.0/cross_tools/gcc-arm-none-eabi-4_9/bin/../lib/gcc/arm-none-eabi/4.9.3/armv6-m\libgcc.a(divdf3.o)
 .debug_frame   0x00001538       0x38 c:/nxp/s32ds_arm_v2.0/cross_tools/gcc-arm-none-eabi-4_9/bin/../lib/gcc/arm-none-eabi/4.9.3/armv6-m\libgcc.a(eqdf2.o)
 .debug_frame   0x00001570       0x38 c:/nxp/s32ds_arm_v2.0/cross_tools/gcc-arm-none-eabi-4_9/bin/../lib/gcc/arm-none-eabi/4.9.3/armv6-m\libgcc.a(gedf2.o)
 .debug_frame   0x000015a8       0x38 c:/nxp/s32ds_arm_v2.0/cross_tools/gcc-arm-none-eabi-4_9/bin/../lib/gcc/arm-none-eabi/4.9.3/armv6-m\libgcc.a(ledf2.o)
 .debug_frame   0x000015e0       0x3c c:/nxp/s32ds_arm_v2.0/cross_tools/gcc-arm-none-eabi-4_9/bin/../lib/gcc/arm-none-eabi/4.9.3/armv6-m\libgcc.a(muldf3.o)
 .debug_frame   0x0000161c       0x3c c:/nxp/s32ds_arm_v2.0/cross_tools/gcc-arm-none-eabi-4_9/bin/../lib/gcc/arm-none-eabi/4.9.3/armv6-m\libgcc.a(subdf3.o)
 .debug_frame   0x00001658       0x2c c:/nxp/s32ds_arm_v2.0/cross_tools/gcc-arm-none-eabi-4_9/bin/../lib/gcc/arm-none-eabi/4.9.3/armv6-m\libgcc.a(fixdfsi.o)
 .debug_frame   0x00001684       0x2c c:/nxp/s32ds_arm_v2.0/cross_tools/gcc-arm-none-eabi-4_9/bin/../lib/gcc/arm-none-eabi/4.9.3/armv6-m\libgcc.a(floatsidf.o)
 .debug_frame   0x000016b0       0x50 C:/NXP/S32DS_ARM_v2.0/S32DS/arm_ewl2/lib/armv6-m\librt.a(gcc_ctor_dtor.o)
 .debug_frame   0x00001700       0xbc C:/NXP/S32DS_ARM_v2.0/S32DS/arm_ewl2/lib/armv6-m\librt.a(__arm_eabi_init.o)
 .debug_frame   0x000017bc       0x50 C:/NXP/S32DS_ARM_v2.0/S32DS/arm_ewl2/lib/armv6-m\librt.a(ROMCopy.o)

.debug_ranges   0x00000000      0x508
 .debug_ranges  0x00000000       0xd0 ./src/spi.o
 .debug_ranges  0x000000d0       0x18 ./src/sbc_init.o
 .debug_ranges  0x000000e8       0x38 ./src/nvic.o
 .debug_ranges  0x00000120       0xc8 ./src/msCANdrv.o
 .debug_ranges  0x000001e8       0x28 ./src/main.o
 .debug_ranges  0x00000210       0xc8 ./src/ics.o
 .debug_ranges  0x000002d8       0x18 ./src/clocks.o
 .debug_ranges  0x000002f0       0x18 ./src/WheelSpeed.o
 .debug_ranges  0x00000308       0x38 ./src/UART.o
 .debug_ranges  0x00000340       0x30 ./src/PWTModule.o
 .debug_ranges  0x00000370       0x20 ./src/MSCAN_Module.o
 .debug_ranges  0x00000390       0x38 ./src/Input_Scan.o
 .debug_ranges  0x000003c8       0x38 ./src/FTM.o
 .debug_ranges  0x00000400       0x20 ./src/ECU_Operations.o
 .debug_ranges  0x00000420       0x10 ./src/ECU_Init.o
 .debug_ranges  0x00000430       0x70 ./src/CAN.o
 .debug_ranges  0x000004a0       0x50 ./src/ADC.o
 .debug_ranges  0x000004f0       0x18 ./Project_Settings/Startup_Code/system_SKEAZ1284.o

.debug_macro    0x00000000    0x11222
 .debug_macro   0x00000000       0xe9 ./src/spi.o
 .debug_macro   0x000000e9      0x80e ./src/spi.o
 .debug_macro   0x000008f7       0x40 ./src/spi.o
 .debug_macro   0x00000937       0x16 ./src/spi.o
 .debug_macro   0x0000094d       0x16 ./src/spi.o
 .debug_macro   0x00000963       0x64 ./src/spi.o
 .debug_macro   0x000009c7      0x178 ./src/spi.o
 .debug_macro   0x00000b3f      0x147 ./src/spi.o
 .debug_macro   0x00000c86       0x9d ./src/spi.o
 .debug_macro   0x00000d23       0x10 ./src/spi.o
 .debug_macro   0x00000d33      0x1a1 ./src/spi.o
 .debug_macro   0x00000ed4       0x39 ./src/spi.o
 .debug_macro   0x00000f0d       0x3a ./src/spi.o
 .debug_macro   0x00000f47       0x1f ./src/spi.o
 .debug_macro   0x00000f66      0x250 ./src/spi.o
 .debug_macro   0x000011b6       0x79 ./src/spi.o
 .debug_macro   0x0000122f     0x6c92 ./src/spi.o
 .debug_macro   0x00007ec1       0x40 ./src/spi.o
 .debug_macro   0x00007f01       0xf8 ./src/sbc_init.o
 .debug_macro   0x00007ff9       0xb4 ./src/sbc_init.o
 .debug_macro   0x000080ad       0xda ./src/nvic.o
 .debug_macro   0x00008187       0x79 ./src/msCANgv.o
 .debug_macro   0x00008200       0x16 ./src/msCANgv.o
 .debug_macro   0x00008216      0x55c ./src/msCANgv.o
 .debug_macro   0x00008772       0xf2 ./src/msCANgv.o
 .debug_macro   0x00008864       0x76 ./src/msCANgv.o
 .debug_macro   0x000088da       0x7c ./src/msCANgv.o
 .debug_macro   0x00008956     0x45f6 ./src/msCANgv.o
 .debug_macro   0x0000cf4c      0x111 ./src/msCANdrv.o
 .debug_macro   0x0000d05d       0x7e ./src/msCANID.o
 .debug_macro   0x0000d0db     0x22da ./src/msCANID.o
 .debug_macro   0x0000f3b5      0x2fb ./src/main.o
 .debug_macro   0x0000f6b0       0x16 ./src/main.o
 .debug_macro   0x0000f6c6       0x10 ./src/main.o
 .debug_macro   0x0000f6d6       0x46 ./src/main.o
 .debug_macro   0x0000f71c       0x16 ./src/main.o
 .debug_macro   0x0000f732       0x16 ./src/main.o
 .debug_macro   0x0000f748       0x16 ./src/main.o
 .debug_macro   0x0000f75e       0x16 ./src/main.o
 .debug_macro   0x0000f774       0x8b ./src/main.o
 .debug_macro   0x0000f7ff       0x22 ./src/main.o
 .debug_macro   0x0000f821       0x10 ./src/main.o
 .debug_macro   0x0000f831       0x20 ./src/main.o
 .debug_macro   0x0000f851      0x1f7 ./src/main.o
 .debug_macro   0x0000fa48       0x40 ./src/main.o
 .debug_macro   0x0000fa88       0x28 ./src/main.o
 .debug_macro   0x0000fab0       0x16 ./src/main.o
 .debug_macro   0x0000fac6       0xd6 ./src/main.o
 .debug_macro   0x0000fb9c       0x80 ./src/main.o
 .debug_macro   0x0000fc1c      0x194 ./src/main.o
 .debug_macro   0x0000fdb0       0xac ./src/main.o
 .debug_macro   0x0000fe5c       0x10 ./src/main.o
 .debug_macro   0x0000fe6c      0x112 ./src/main.o
 .debug_macro   0x0000ff7e      0x193 ./src/main.o
 .debug_macro   0x00010111       0x16 ./src/main.o
 .debug_macro   0x00010127       0x82 ./src/main.o
 .debug_macro   0x000101a9       0xdd ./src/ics.o
 .debug_macro   0x00010286       0x3a ./src/ics.o
 .debug_macro   0x000102c0       0xd2 ./src/clocks.o
 .debug_macro   0x00010392      0x19c ./src/WheelSpeed.o
 .debug_macro   0x0001052e       0xe8 ./src/UART.o
 .debug_macro   0x00010616       0xe3 ./src/PWTModule.o
 .debug_macro   0x000106f9      0x123 ./src/MSCAN_Module.o
 .debug_macro   0x0001081c       0x7c ./src/MSCAN_Module.o
 .debug_macro   0x00010898       0xe7 ./src/Input_Scan.o
 .debug_macro   0x0001097f       0xea ./src/FTM.o
 .debug_macro   0x00010a69      0x172 ./src/ECU_Operations.o
 .debug_macro   0x00010bdb      0x1ee ./src/ECU_Init.o
 .debug_macro   0x00010dc9      0x1ca ./src/CAN.o
 .debug_macro   0x00010f93      0x1c0 ./src/ADC.o
 .debug_macro   0x00011153       0x10 ./src/ADC.o
 .debug_macro   0x00011163       0xbf ./Project_Settings/Startup_Code/system_SKEAZ1284.o

.debug_loc      0x00000000      0x98b
 .debug_loc     0x00000000       0x3e C:/NXP/S32DS_ARM_v2.0/S32DS/arm_ewl2/lib/armv6-m\libc.a(exit.o)
 .debug_loc     0x0000003e       0x6f C:/NXP/S32DS_ARM_v2.0/S32DS/arm_ewl2/lib/armv6-m\libc.a(memset.o)
 .debug_loc     0x000000ad      0x113 C:/NXP/S32DS_ARM_v2.0/S32DS/arm_ewl2/lib/armv6-m\libc.a(__filll_mem.o)
 .debug_loc     0x000001c0       0x73 C:/NXP/S32DS_ARM_v2.0/S32DS/arm_ewl2/lib/armv6-m\libm.a(round.o)
 .debug_loc     0x00000233      0x1db C:/NXP/S32DS_ARM_v2.0/S32DS/arm_ewl2/lib/armv6-m\libm.a(s_modf.o)
 .debug_loc     0x0000040e      0x252 C:/NXP/S32DS_ARM_v2.0/S32DS/arm_ewl2/lib/armv6-m\libm.a(math_api.o)
 .debug_loc     0x00000660       0xb3 C:/NXP/S32DS_ARM_v2.0/S32DS/arm_ewl2/lib/armv6-m\librt.a(gcc_ctor_dtor.o)
 .debug_loc     0x00000713      0x184 C:/NXP/S32DS_ARM_v2.0/S32DS/arm_ewl2/lib/armv6-m\librt.a(__arm_eabi_init.o)
 .debug_loc     0x00000897       0xf4 C:/NXP/S32DS_ARM_v2.0/S32DS/arm_ewl2/lib/armv6-m\librt.a(ROMCopy.o)
