Archive member included because of file (symbol)

C:/NXP/S32DS_ARM_v2.0/S32DS/arm_ewl2/lib/armv6-m\libc.a(exit.o)
                              C:/NXP/S32DS_ARM_v2.0/S32DS/arm_ewl2/lib/armv6-m/__arm_start.o (exit)
C:/NXP/S32DS_ARM_v2.0/S32DS/arm_ewl2/lib/armv6-m\libc.a(memset.o)
                              C:/NXP/S32DS_ARM_v2.0/S32DS/arm_ewl2/lib/armv6-m/__arm_start.o (memset)
C:/NXP/S32DS_ARM_v2.0/S32DS/arm_ewl2/lib/armv6-m\libc.a(__filll_mem.o)
                              C:/NXP/S32DS_ARM_v2.0/S32DS/arm_ewl2/lib/armv6-m\libc.a(memset.o) (__fill_mem)
c:/nxp/s32ds_arm_v2.0/cross_tools/gcc-arm-none-eabi-4_9/bin/../lib/gcc/arm-none-eabi/4.9.3/armv6-m\libgcc.a(_udivsi3.o)
                              ./Project_Settings/Startup_Code/system_SKEAZ1284.o (__aeabi_uidiv)
c:/nxp/s32ds_arm_v2.0/cross_tools/gcc-arm-none-eabi-4_9/bin/../lib/gcc/arm-none-eabi/4.9.3/armv6-m\libgcc.a(_divsi3.o)
                              ./src/ADC.o (__aeabi_idiv)
c:/nxp/s32ds_arm_v2.0/cross_tools/gcc-arm-none-eabi-4_9/bin/../lib/gcc/arm-none-eabi/4.9.3/armv6-m\libgcc.a(_dvmd_tls.o)
                              c:/nxp/s32ds_arm_v2.0/cross_tools/gcc-arm-none-eabi-4_9/bin/../lib/gcc/arm-none-eabi/4.9.3/armv6-m\libgcc.a(_udivsi3.o) (__aeabi_idiv0)
C:/NXP/S32DS_ARM_v2.0/S32DS/arm_ewl2/lib/armv6-m\librt.a(gcc_ctor_dtor.o)
                              C:/NXP/S32DS_ARM_v2.0/S32DS/arm_ewl2/lib/armv6-m/__arm_start.o (__init_cpp)
C:/NXP/S32DS_ARM_v2.0/S32DS/arm_ewl2/lib/armv6-m\librt.a(__arm_eabi_init.o)
                              C:/NXP/S32DS_ARM_v2.0/S32DS/arm_ewl2/lib/armv6-m\libc.a(exit.o) (__destroy_global_chain)
C:/NXP/S32DS_ARM_v2.0/S32DS/arm_ewl2/lib/armv6-m\librt.a(ROMCopy.o)
                              C:/NXP/S32DS_ARM_v2.0/S32DS/arm_ewl2/lib/armv6-m/__arm_start.o (__copy_rom_sections_to_ram)

Discarded input sections

 .text          0x00000000        0x0 C:/NXP/S32DS_ARM_v2.0/S32DS/arm_ewl2/lib/armv6-m/__arm_start.o
 .data          0x00000000        0x0 C:/NXP/S32DS_ARM_v2.0/S32DS/arm_ewl2/lib/armv6-m/__arm_start.o
 .bss           0x00000000        0x0 C:/NXP/S32DS_ARM_v2.0/S32DS/arm_ewl2/lib/armv6-m/__arm_start.o
 .text.__iar_program_start
                0x00000000        0x4 C:/NXP/S32DS_ARM_v2.0/S32DS/arm_ewl2/lib/armv6-m/__arm_start.o
 .group         0x00000000        0x8 ./src/main.o
 .group         0x00000000        0x8 ./src/main.o
 .group         0x00000000        0x8 ./src/main.o
 .group         0x00000000        0x8 ./src/main.o
 .group         0x00000000        0x8 ./src/main.o
 .group         0x00000000        0x8 ./src/main.o
 .group         0x00000000        0x8 ./src/main.o
 .group         0x00000000        0x8 ./src/main.o
 .group         0x00000000        0x8 ./src/main.o
 .group         0x00000000        0x8 ./src/main.o
 .group         0x00000000        0x8 ./src/main.o
 .group         0x00000000        0x8 ./src/main.o
 .group         0x00000000        0x8 ./src/main.o
 .group         0x00000000        0x8 ./src/main.o
 .group         0x00000000        0x8 ./src/main.o
 .group         0x00000000        0x8 ./src/main.o
 .group         0x00000000        0x8 ./src/main.o
 .group         0x00000000        0x8 ./src/main.o
 .group         0x00000000        0x8 ./src/main.o
 .group         0x00000000        0x8 ./src/main.o
 .group         0x00000000        0x8 ./src/main.o
 .group         0x00000000        0x8 ./src/main.o
 .group         0x00000000        0x8 ./src/main.o
 .group         0x00000000        0x8 ./src/main.o
 .text          0x00000000        0x0 ./src/main.o
 .data          0x00000000        0x0 ./src/main.o
 .bss           0x00000000        0x0 ./src/main.o
 .group         0x00000000        0x8 ./src/clocks.o
 .group         0x00000000        0x8 ./src/clocks.o
 .group         0x00000000        0x8 ./src/clocks.o
 .group         0x00000000        0x8 ./src/clocks.o
 .group         0x00000000        0x8 ./src/clocks.o
 .group         0x00000000        0x8 ./src/clocks.o
 .group         0x00000000        0x8 ./src/clocks.o
 .group         0x00000000        0x8 ./src/clocks.o
 .group         0x00000000        0x8 ./src/clocks.o
 .group         0x00000000        0x8 ./src/clocks.o
 .group         0x00000000        0x8 ./src/clocks.o
 .group         0x00000000        0x8 ./src/clocks.o
 .group         0x00000000        0x8 ./src/clocks.o
 .group         0x00000000        0x8 ./src/clocks.o
 .group         0x00000000        0x8 ./src/clocks.o
 .group         0x00000000        0x8 ./src/clocks.o
 .text          0x00000000        0x0 ./src/clocks.o
 .data          0x00000000        0x0 ./src/clocks.o
 .bss           0x00000000        0x0 ./src/clocks.o
 .text.init_clks_FEI_48MHz
                0x00000000       0x44 ./src/clocks.o
 .debug_macro   0x00000000      0x80e ./src/clocks.o
 .debug_macro   0x00000000       0x40 ./src/clocks.o
 .debug_macro   0x00000000       0x16 ./src/clocks.o
 .debug_macro   0x00000000       0x16 ./src/clocks.o
 .debug_macro   0x00000000       0x64 ./src/clocks.o
 .debug_macro   0x00000000      0x178 ./src/clocks.o
 .debug_macro   0x00000000      0x147 ./src/clocks.o
 .debug_macro   0x00000000       0x9d ./src/clocks.o
 .debug_macro   0x00000000       0x10 ./src/clocks.o
 .debug_macro   0x00000000      0x1a1 ./src/clocks.o
 .debug_macro   0x00000000       0x39 ./src/clocks.o
 .debug_macro   0x00000000       0x3a ./src/clocks.o
 .debug_macro   0x00000000       0x1f ./src/clocks.o
 .debug_macro   0x00000000      0x250 ./src/clocks.o
 .debug_macro   0x00000000       0x79 ./src/clocks.o
 .debug_macro   0x00000000     0x6c92 ./src/clocks.o
 .group         0x00000000        0x8 ./src/UART.o
 .group         0x00000000        0x8 ./src/UART.o
 .group         0x00000000        0x8 ./src/UART.o
 .group         0x00000000        0x8 ./src/UART.o
 .group         0x00000000        0x8 ./src/UART.o
 .group         0x00000000        0x8 ./src/UART.o
 .group         0x00000000        0x8 ./src/UART.o
 .group         0x00000000        0x8 ./src/UART.o
 .group         0x00000000        0x8 ./src/UART.o
 .group         0x00000000        0x8 ./src/UART.o
 .group         0x00000000        0x8 ./src/UART.o
 .group         0x00000000        0x8 ./src/UART.o
 .group         0x00000000        0x8 ./src/UART.o
 .group         0x00000000        0x8 ./src/UART.o
 .group         0x00000000        0x8 ./src/UART.o
 .group         0x00000000        0x8 ./src/UART.o
 .text          0x00000000        0x0 ./src/UART.o
 .data          0x00000000        0x0 ./src/UART.o
 .bss           0x00000000        0x0 ./src/UART.o
 .text.receive_char
                0x00000000       0x38 ./src/UART.o
 .text.recieve_and_echo_char
                0x00000000       0x30 ./src/UART.o
 .debug_macro   0x00000000      0x80e ./src/UART.o
 .debug_macro   0x00000000       0x40 ./src/UART.o
 .debug_macro   0x00000000       0x16 ./src/UART.o
 .debug_macro   0x00000000       0x16 ./src/UART.o
 .debug_macro   0x00000000       0x64 ./src/UART.o
 .debug_macro   0x00000000      0x178 ./src/UART.o
 .debug_macro   0x00000000      0x147 ./src/UART.o
 .debug_macro   0x00000000       0x9d ./src/UART.o
 .debug_macro   0x00000000       0x10 ./src/UART.o
 .debug_macro   0x00000000      0x1a1 ./src/UART.o
 .debug_macro   0x00000000       0x39 ./src/UART.o
 .debug_macro   0x00000000       0x3a ./src/UART.o
 .debug_macro   0x00000000       0x1f ./src/UART.o
 .debug_macro   0x00000000      0x250 ./src/UART.o
 .debug_macro   0x00000000       0x79 ./src/UART.o
 .debug_macro   0x00000000     0x6c92 ./src/UART.o
 .group         0x00000000        0x8 ./src/ADC.o
 .group         0x00000000        0x8 ./src/ADC.o
 .group         0x00000000        0x8 ./src/ADC.o
 .group         0x00000000        0x8 ./src/ADC.o
 .group         0x00000000        0x8 ./src/ADC.o
 .group         0x00000000        0x8 ./src/ADC.o
 .group         0x00000000        0x8 ./src/ADC.o
 .group         0x00000000        0x8 ./src/ADC.o
 .group         0x00000000        0x8 ./src/ADC.o
 .group         0x00000000        0x8 ./src/ADC.o
 .group         0x00000000        0x8 ./src/ADC.o
 .group         0x00000000        0x8 ./src/ADC.o
 .group         0x00000000        0x8 ./src/ADC.o
 .group         0x00000000        0x8 ./src/ADC.o
 .group         0x00000000        0x8 ./src/ADC.o
 .group         0x00000000        0x8 ./src/ADC.o
 .text          0x00000000        0x0 ./src/ADC.o
 .data          0x00000000        0x0 ./src/ADC.o
 .bss           0x00000000        0x0 ./src/ADC.o
 .debug_macro   0x00000000      0x80e ./src/ADC.o
 .debug_macro   0x00000000       0x40 ./src/ADC.o
 .debug_macro   0x00000000       0x16 ./src/ADC.o
 .debug_macro   0x00000000       0x16 ./src/ADC.o
 .debug_macro   0x00000000       0x64 ./src/ADC.o
 .debug_macro   0x00000000      0x178 ./src/ADC.o
 .debug_macro   0x00000000      0x147 ./src/ADC.o
 .debug_macro   0x00000000       0x9d ./src/ADC.o
 .debug_macro   0x00000000       0x10 ./src/ADC.o
 .debug_macro   0x00000000      0x1a1 ./src/ADC.o
 .debug_macro   0x00000000       0x39 ./src/ADC.o
 .debug_macro   0x00000000       0x3a ./src/ADC.o
 .debug_macro   0x00000000       0x1f ./src/ADC.o
 .debug_macro   0x00000000      0x250 ./src/ADC.o
 .debug_macro   0x00000000       0x79 ./src/ADC.o
 .debug_macro   0x00000000     0x6c92 ./src/ADC.o
 .group         0x00000000        0x8 ./Project_Settings/Startup_Code/system_SKEAZ1284.o
 .group         0x00000000        0x8 ./Project_Settings/Startup_Code/system_SKEAZ1284.o
 .group         0x00000000        0x8 ./Project_Settings/Startup_Code/system_SKEAZ1284.o
 .group         0x00000000        0x8 ./Project_Settings/Startup_Code/system_SKEAZ1284.o
 .group         0x00000000        0x8 ./Project_Settings/Startup_Code/system_SKEAZ1284.o
 .group         0x00000000        0x8 ./Project_Settings/Startup_Code/system_SKEAZ1284.o
 .group         0x00000000        0x8 ./Project_Settings/Startup_Code/system_SKEAZ1284.o
 .group         0x00000000        0x8 ./Project_Settings/Startup_Code/system_SKEAZ1284.o
 .group         0x00000000        0x8 ./Project_Settings/Startup_Code/system_SKEAZ1284.o
 .group         0x00000000        0x8 ./Project_Settings/Startup_Code/system_SKEAZ1284.o
 .group         0x00000000        0x8 ./Project_Settings/Startup_Code/system_SKEAZ1284.o
 .group         0x00000000        0x8 ./Project_Settings/Startup_Code/system_SKEAZ1284.o
 .group         0x00000000        0x8 ./Project_Settings/Startup_Code/system_SKEAZ1284.o
 .group         0x00000000        0x8 ./Project_Settings/Startup_Code/system_SKEAZ1284.o
 .group         0x00000000        0x8 ./Project_Settings/Startup_Code/system_SKEAZ1284.o
 .text          0x00000000        0x0 ./Project_Settings/Startup_Code/system_SKEAZ1284.o
 .data          0x00000000        0x0 ./Project_Settings/Startup_Code/system_SKEAZ1284.o
 .bss           0x00000000        0x0 ./Project_Settings/Startup_Code/system_SKEAZ1284.o
 .data.SystemCoreClock
                0x00000000        0x4 ./Project_Settings/Startup_Code/system_SKEAZ1284.o
 .text.SystemCoreClockUpdate
                0x00000000       0xf4 ./Project_Settings/Startup_Code/system_SKEAZ1284.o
 .debug_macro   0x00000000      0x80e ./Project_Settings/Startup_Code/system_SKEAZ1284.o
 .debug_macro   0x00000000       0x40 ./Project_Settings/Startup_Code/system_SKEAZ1284.o
 .debug_macro   0x00000000       0x16 ./Project_Settings/Startup_Code/system_SKEAZ1284.o
 .debug_macro   0x00000000       0x64 ./Project_Settings/Startup_Code/system_SKEAZ1284.o
 .debug_macro   0x00000000      0x178 ./Project_Settings/Startup_Code/system_SKEAZ1284.o
 .debug_macro   0x00000000      0x147 ./Project_Settings/Startup_Code/system_SKEAZ1284.o
 .debug_macro   0x00000000       0x9d ./Project_Settings/Startup_Code/system_SKEAZ1284.o
 .debug_macro   0x00000000       0x10 ./Project_Settings/Startup_Code/system_SKEAZ1284.o
 .debug_macro   0x00000000      0x1a1 ./Project_Settings/Startup_Code/system_SKEAZ1284.o
 .debug_macro   0x00000000       0x3a ./Project_Settings/Startup_Code/system_SKEAZ1284.o
 .debug_macro   0x00000000       0x1f ./Project_Settings/Startup_Code/system_SKEAZ1284.o
 .debug_macro   0x00000000      0x250 ./Project_Settings/Startup_Code/system_SKEAZ1284.o
 .debug_macro   0x00000000       0x79 ./Project_Settings/Startup_Code/system_SKEAZ1284.o
 .debug_macro   0x00000000     0x6c92 ./Project_Settings/Startup_Code/system_SKEAZ1284.o
 .data          0x00000000        0x0 ./Project_Settings/Startup_Code/startup_SKEAZ1284.o
 .bss           0x00000000        0x0 ./Project_Settings/Startup_Code/startup_SKEAZ1284.o
 .text          0x00000000        0x0 C:/NXP/S32DS_ARM_v2.0/S32DS/arm_ewl2/lib/armv6-m\libc.a(exit.o)
 .data          0x00000000        0x0 C:/NXP/S32DS_ARM_v2.0/S32DS/arm_ewl2/lib/armv6-m\libc.a(exit.o)
 .bss           0x00000000        0x0 C:/NXP/S32DS_ARM_v2.0/S32DS/arm_ewl2/lib/armv6-m\libc.a(exit.o)
 .text          0x00000000        0x0 C:/NXP/S32DS_ARM_v2.0/S32DS/arm_ewl2/lib/armv6-m\libc.a(memset.o)
 .data          0x00000000        0x0 C:/NXP/S32DS_ARM_v2.0/S32DS/arm_ewl2/lib/armv6-m\libc.a(memset.o)
 .bss           0x00000000        0x0 C:/NXP/S32DS_ARM_v2.0/S32DS/arm_ewl2/lib/armv6-m\libc.a(memset.o)
 .text          0x00000000        0x0 C:/NXP/S32DS_ARM_v2.0/S32DS/arm_ewl2/lib/armv6-m\libc.a(__filll_mem.o)
 .data          0x00000000        0x0 C:/NXP/S32DS_ARM_v2.0/S32DS/arm_ewl2/lib/armv6-m\libc.a(__filll_mem.o)
 .bss           0x00000000        0x0 C:/NXP/S32DS_ARM_v2.0/S32DS/arm_ewl2/lib/armv6-m\libc.a(__filll_mem.o)
 .text          0x00000000      0x120 c:/nxp/s32ds_arm_v2.0/cross_tools/gcc-arm-none-eabi-4_9/bin/../lib/gcc/arm-none-eabi/4.9.3/armv6-m\libgcc.a(_udivsi3.o)
 .data          0x00000000        0x0 c:/nxp/s32ds_arm_v2.0/cross_tools/gcc-arm-none-eabi-4_9/bin/../lib/gcc/arm-none-eabi/4.9.3/armv6-m\libgcc.a(_udivsi3.o)
 .bss           0x00000000        0x0 c:/nxp/s32ds_arm_v2.0/cross_tools/gcc-arm-none-eabi-4_9/bin/../lib/gcc/arm-none-eabi/4.9.3/armv6-m\libgcc.a(_udivsi3.o)
 .debug_frame   0x00000000       0x20 c:/nxp/s32ds_arm_v2.0/cross_tools/gcc-arm-none-eabi-4_9/bin/../lib/gcc/arm-none-eabi/4.9.3/armv6-m\libgcc.a(_udivsi3.o)
 .ARM.attributes
                0x00000000       0x1e c:/nxp/s32ds_arm_v2.0/cross_tools/gcc-arm-none-eabi-4_9/bin/../lib/gcc/arm-none-eabi/4.9.3/armv6-m\libgcc.a(_udivsi3.o)
 .data          0x00000000        0x0 c:/nxp/s32ds_arm_v2.0/cross_tools/gcc-arm-none-eabi-4_9/bin/../lib/gcc/arm-none-eabi/4.9.3/armv6-m\libgcc.a(_divsi3.o)
 .bss           0x00000000        0x0 c:/nxp/s32ds_arm_v2.0/cross_tools/gcc-arm-none-eabi-4_9/bin/../lib/gcc/arm-none-eabi/4.9.3/armv6-m\libgcc.a(_divsi3.o)
 .data          0x00000000        0x0 c:/nxp/s32ds_arm_v2.0/cross_tools/gcc-arm-none-eabi-4_9/bin/../lib/gcc/arm-none-eabi/4.9.3/armv6-m\libgcc.a(_dvmd_tls.o)
 .bss           0x00000000        0x0 c:/nxp/s32ds_arm_v2.0/cross_tools/gcc-arm-none-eabi-4_9/bin/../lib/gcc/arm-none-eabi/4.9.3/armv6-m\libgcc.a(_dvmd_tls.o)
 .text          0x00000000        0x0 C:/NXP/S32DS_ARM_v2.0/S32DS/arm_ewl2/lib/armv6-m\librt.a(gcc_ctor_dtor.o)
 .data          0x00000000        0x0 C:/NXP/S32DS_ARM_v2.0/S32DS/arm_ewl2/lib/armv6-m\librt.a(gcc_ctor_dtor.o)
 .bss           0x00000000        0x0 C:/NXP/S32DS_ARM_v2.0/S32DS/arm_ewl2/lib/armv6-m\librt.a(gcc_ctor_dtor.o)
 .bss.__dso_handle
                0x00000000        0x4 C:/NXP/S32DS_ARM_v2.0/S32DS/arm_ewl2/lib/armv6-m\librt.a(gcc_ctor_dtor.o)
 .text          0x00000000        0x0 C:/NXP/S32DS_ARM_v2.0/S32DS/arm_ewl2/lib/armv6-m\librt.a(__arm_eabi_init.o)
 .data          0x00000000        0x0 C:/NXP/S32DS_ARM_v2.0/S32DS/arm_ewl2/lib/armv6-m\librt.a(__arm_eabi_init.o)
 .bss           0x00000000        0x0 C:/NXP/S32DS_ARM_v2.0/S32DS/arm_ewl2/lib/armv6-m\librt.a(__arm_eabi_init.o)
 .text.__register_global_object
                0x00000000       0x14 C:/NXP/S32DS_ARM_v2.0/S32DS/arm_ewl2/lib/armv6-m\librt.a(__arm_eabi_init.o)
 .text.__cxa_atexit
                0x00000000       0x38 C:/NXP/S32DS_ARM_v2.0/S32DS/arm_ewl2/lib/armv6-m\librt.a(__arm_eabi_init.o)
 .text.__aeabi_atexit
                0x00000000        0xe C:/NXP/S32DS_ARM_v2.0/S32DS/arm_ewl2/lib/armv6-m\librt.a(__arm_eabi_init.o)
 .text.__register_atexit
                0x00000000        0xc C:/NXP/S32DS_ARM_v2.0/S32DS/arm_ewl2/lib/armv6-m\librt.a(__arm_eabi_init.o)
 .bss.atexit_curr_func
                0x00000000        0x4 C:/NXP/S32DS_ARM_v2.0/S32DS/arm_ewl2/lib/armv6-m\librt.a(__arm_eabi_init.o)
 .bss.atexit_funcs
                0x00000000      0x300 C:/NXP/S32DS_ARM_v2.0/S32DS/arm_ewl2/lib/armv6-m\librt.a(__arm_eabi_init.o)
 .text          0x00000000        0x0 C:/NXP/S32DS_ARM_v2.0/S32DS/arm_ewl2/lib/armv6-m\librt.a(ROMCopy.o)
 .data          0x00000000        0x0 C:/NXP/S32DS_ARM_v2.0/S32DS/arm_ewl2/lib/armv6-m\librt.a(ROMCopy.o)
 .bss           0x00000000        0x0 C:/NXP/S32DS_ARM_v2.0/S32DS/arm_ewl2/lib/armv6-m\librt.a(ROMCopy.o)
 .text.__flush_cache
                0x00000000        0x2 C:/NXP/S32DS_ARM_v2.0/S32DS/arm_ewl2/lib/armv6-m\librt.a(ROMCopy.o)
 .text          0x00000000        0x0 C:/NXP/S32DS_ARM_v2.0/S32DS/arm_ewl2/lib/armv6-m/__arm_end.o
 .data          0x00000000        0x0 C:/NXP/S32DS_ARM_v2.0/S32DS/arm_ewl2/lib/armv6-m/__arm_end.o
 .bss           0x00000000        0x0 C:/NXP/S32DS_ARM_v2.0/S32DS/arm_ewl2/lib/armv6-m/__arm_end.o
 .text._ExitProcess
                0x00000000        0x2 C:/NXP/S32DS_ARM_v2.0/S32DS/arm_ewl2/lib/armv6-m/__arm_end.o
 .debug_info    0x00000000       0x4e C:/NXP/S32DS_ARM_v2.0/S32DS/arm_ewl2/lib/armv6-m/__arm_end.o
 .debug_abbrev  0x00000000       0x4a C:/NXP/S32DS_ARM_v2.0/S32DS/arm_ewl2/lib/armv6-m/__arm_end.o
 .debug_aranges
                0x00000000       0x20 C:/NXP/S32DS_ARM_v2.0/S32DS/arm_ewl2/lib/armv6-m/__arm_end.o
 .debug_line    0x00000000       0x45 C:/NXP/S32DS_ARM_v2.0/S32DS/arm_ewl2/lib/armv6-m/__arm_end.o
 .debug_str     0x00000000      0x1a7 C:/NXP/S32DS_ARM_v2.0/S32DS/arm_ewl2/lib/armv6-m/__arm_end.o
 .comment       0x00000000       0x71 C:/NXP/S32DS_ARM_v2.0/S32DS/arm_ewl2/lib/armv6-m/__arm_end.o
 .debug_frame   0x00000000       0x20 C:/NXP/S32DS_ARM_v2.0/S32DS/arm_ewl2/lib/armv6-m/__arm_end.o
 .ARM.attributes
                0x00000000       0x31 C:/NXP/S32DS_ARM_v2.0/S32DS/arm_ewl2/lib/armv6-m/__arm_end.o

Memory Configuration

Name             Origin             Length             Attributes
FLASH_1          0x00000000         0x00000400         xr
FLASH_CONFIG     0x00000400         0x00000010         xr
FLASH_2          0x00000410         0x0001fbf0         xr
SRAM             0x1ffff000         0x00004000         rw
*default*        0x00000000         0xffffffff

Linker script and memory map

LOAD C:/NXP/S32DS_ARM_v2.0/S32DS/arm_ewl2/lib/armv6-m/__arm_start.o
LOAD ./src/main.o
LOAD ./src/clocks.o
LOAD ./src/UART.o
LOAD ./src/ADC.o
LOAD ./Project_Settings/Startup_Code/system_SKEAZ1284.o
LOAD ./Project_Settings/Startup_Code/startup_SKEAZ1284.o
START GROUP
LOAD C:/NXP/S32DS_ARM_v2.0/S32DS/arm_ewl2/lib/armv6-m\libc.a
LOAD C:/NXP/S32DS_ARM_v2.0/S32DS/arm_ewl2/lib/armv6-m\libm.a
LOAD c:/nxp/s32ds_arm_v2.0/cross_tools/gcc-arm-none-eabi-4_9/bin/../lib/gcc/arm-none-eabi/4.9.3/armv6-m\libgcc.a
LOAD C:/NXP/S32DS_ARM_v2.0/S32DS/arm_ewl2/lib/armv6-m\librt.a
END GROUP
LOAD C:/NXP/S32DS_ARM_v2.0/S32DS/arm_ewl2/lib/armv6-m/__arm_end.o
                0x20003000                _estack = 0x20003000
                0x20003000                __SP_INIT = _estack
                0x00000500                HEAP_SIZE = DEFINED (__heap_size__)?__heap_size__:0x500
                0x00000400                STACK_SIZE = DEFINED (__stack_size__)?__stack_size__:0x400

.interrupts     0x00000000       0xc0
                0x00000000                __VECTOR_TABLE = .
                0x00000000                . = ALIGN (0x4)
 *(.isr_vector)
 .isr_vector    0x00000000       0xc0 ./Project_Settings/Startup_Code/startup_SKEAZ1284.o
                0x00000000                __isr_vector
                0x000000c0                . = ALIGN (0x4)

.flash_config   0x00000400       0x10
                0x00000400                . = ALIGN (0x4)
 *(.FlashConfig)
 .FlashConfig   0x00000400       0x10 ./Project_Settings/Startup_Code/startup_SKEAZ1284.o
                0x00000410                . = ALIGN (0x4)

.text           0x00000410      0x984
                0x00000410                . = ALIGN (0x4)
 *(.text)
 .text          0x00000410       0x44 ./Project_Settings/Startup_Code/startup_SKEAZ1284.o
                0x00000410                Reset_Handler
                0x0000044c                Reserved16_IRQHandler
                0x0000044c                I2C0_IRQHandler
                0x0000044c                HardFault_Handler
                0x0000044c                SysTick_Handler
                0x0000044c                PendSV_Handler
                0x0000044c                NMI_Handler
                0x0000044c                I2C1_IRQHandler
                0x0000044c                Reserved19_IRQHandler
                0x0000044c                UART1_IRQHandler
                0x0000044c                UART0_IRQHandler
                0x0000044c                Reserved42_IRQHandler
                0x0000044c                ADC0_IRQHandler
                0x0000044c                SPI1_IRQHandler
                0x0000044c                DefaultISR
                0x0000044c                FTMRE_IRQHandler
                0x0000044c                RTC_IRQHandler
                0x0000044c                IRQ_IRQHandler
                0x0000044c                Reserved18_IRQHandler
                0x0000044c                FTM1_IRQHandler
                0x0000044c                UART2_IRQHandler
                0x0000044c                Reserved20_IRQHandler
                0x0000044c                Reserved17_IRQHandler
                0x0000044c                MSCAN_RX_IRQHandler
                0x0000044c                ACMP0_IRQHandler
                0x0000044c                WDOG_EWM_IRQHandler
                0x0000044c                MSCAN_TX_IRQHandler
                0x0000044c                PWT_IRQHandler
                0x0000044c                SVC_Handler
                0x0000044c                LVD_LLW_IRQHandler
                0x0000044c                ICS_IRQHandler
                0x0000044c                PIT_CH1_IRQHandler
                0x0000044c                KBI0_IRQHandler
                0x0000044c                SPI0_IRQHandler
                0x0000044c                FTM0_IRQHandler
                0x0000044c                FTM2_IRQHandler
                0x0000044c                ACMP1_IRQHandler
                0x0000044c                KBI1_IRQHandler
 .text          0x00000454      0x1e0 c:/nxp/s32ds_arm_v2.0/cross_tools/gcc-arm-none-eabi-4_9/bin/../lib/gcc/arm-none-eabi/4.9.3/armv6-m\libgcc.a(_divsi3.o)
                0x00000454                __divsi3
                0x00000454                __aeabi_idiv
                0x00000620                __aeabi_idivmod
 .text          0x00000634        0x4 c:/nxp/s32ds_arm_v2.0/cross_tools/gcc-arm-none-eabi-4_9/bin/../lib/gcc/arm-none-eabi/4.9.3/armv6-m\libgcc.a(_dvmd_tls.o)
                0x00000634                __aeabi_idiv0
                0x00000634                __aeabi_ldiv0
 *(.text*)
 .text.__thumb_startup
                0x00000638       0x3c C:/NXP/S32DS_ARM_v2.0/S32DS/arm_ewl2/lib/armv6-m/__arm_start.o
                0x00000638                __thumb_startup
 .text.NVIC_EnableIRQ
                0x00000674       0x2c ./src/main.o
 .text.NVIC_ClearPendingIRQ
                0x000006a0       0x30 ./src/main.o
 .text.NVIC_SetPriority
                0x000006d0       0xd4 ./src/main.o
 .text.init_IRQs
                0x000007a4       0x1c ./src/main.o
                0x000007a4                init_IRQs
 .text.init_PIT
                0x000007c0       0x58 ./src/main.o
                0x000007c0                init_PIT
 .text.PIT_CH0_IRQHandler
                0x00000818       0x44 ./src/main.o
                0x00000818                PIT_CH0_IRQHandler
 .text.display_data_UART
                0x0000085c       0x24 ./src/main.o
                0x0000085c                display_data_UART
 .text.main     0x00000880      0x11c ./src/main.o
                0x00000880                main
 .text.init_clks_FEE_40MHz
                0x0000099c       0x5c ./src/clocks.o
                0x0000099c                init_clks_FEE_40MHz
 .text.init_UART
                0x000009f8       0x48 ./src/UART.o
                0x000009f8                init_UART
 .text.transmit_char
                0x00000a40       0x34 ./src/UART.o
                0x00000a40                transmit_char
 .text.transmit_string
                0x00000a74       0x38 ./src/UART.o
                0x00000a74                transmit_string
 .text.init_ADC
                0x00000aac       0x38 ./src/ADC.o
                0x00000aac                init_ADC
 .text.convertAdcChan
                0x00000ae4       0x34 ./src/ADC.o
                0x00000ae4                convertAdcChan
 .text.adc_complete
                0x00000b18       0x1c ./src/ADC.o
                0x00000b18                adc_complete
 .text.read_adc_chx
                0x00000b34       0x38 ./src/ADC.o
                0x00000b34                read_adc_chx
 .text.SystemInit
                0x00000b6c       0x24 ./Project_Settings/Startup_Code/system_SKEAZ1284.o
                0x00000b6c                SystemInit
 .text.exit     0x00000b90       0x38 C:/NXP/S32DS_ARM_v2.0/S32DS/arm_ewl2/lib/armv6-m\libc.a(exit.o)
                0x00000b90                exit
 .text.memset   0x00000bc8        0xc C:/NXP/S32DS_ARM_v2.0/S32DS/arm_ewl2/lib/armv6-m\libc.a(memset.o)
                0x00000bc8                memset
 .text.__fill_mem
                0x00000bd4       0x82 C:/NXP/S32DS_ARM_v2.0/S32DS/arm_ewl2/lib/armv6-m\libc.a(__filll_mem.o)
                0x00000bd4                __fill_mem
 *fill*         0x00000c56        0x2 
 .text.__init_cpp
                0x00000c58       0x48 C:/NXP/S32DS_ARM_v2.0/S32DS/arm_ewl2/lib/armv6-m\librt.a(gcc_ctor_dtor.o)
                0x00000c58                __init_cpp
 .text.__fini_cpp
                0x00000ca0       0x34 C:/NXP/S32DS_ARM_v2.0/S32DS/arm_ewl2/lib/armv6-m\librt.a(gcc_ctor_dtor.o)
                0x00000ca0                __fini_cpp
 .text._ExitProcess
                0x00000cd4        0x2 C:/NXP/S32DS_ARM_v2.0/S32DS/arm_ewl2/lib/armv6-m\librt.a(gcc_ctor_dtor.o)
                0x00000cd4                _ExitProcess
 *fill*         0x00000cd6        0x2 
 .text.__destroy_global_chain
                0x00000cd8       0x1c C:/NXP/S32DS_ARM_v2.0/S32DS/arm_ewl2/lib/armv6-m\librt.a(__arm_eabi_init.o)
                0x00000cd8                __destroy_global_chain
 .text.__init_registers
                0x00000cf4       0x1c C:/NXP/S32DS_ARM_v2.0/S32DS/arm_ewl2/lib/armv6-m\librt.a(__arm_eabi_init.o)
                0x00000cf4                __init_registers
 .text.__init_hardware
                0x00000d10        0x4 C:/NXP/S32DS_ARM_v2.0/S32DS/arm_ewl2/lib/armv6-m\librt.a(__arm_eabi_init.o)
                0x00000d10                __init_hardware
 .text.__init_user
                0x00000d14        0x4 C:/NXP/S32DS_ARM_v2.0/S32DS/arm_ewl2/lib/armv6-m\librt.a(__arm_eabi_init.o)
                0x00000d14                __init_user
 .text.__copy_rom_section
                0x00000d18       0x40 C:/NXP/S32DS_ARM_v2.0/S32DS/arm_ewl2/lib/armv6-m\librt.a(ROMCopy.o)
                0x00000d18                __copy_rom_section
 .text.__copy_rom_sections_to_ram
                0x00000d58       0x34 C:/NXP/S32DS_ARM_v2.0/S32DS/arm_ewl2/lib/armv6-m\librt.a(ROMCopy.o)
                0x00000d58                __copy_rom_sections_to_ram
 *(.rodata)
 .rodata        0x00000d8c        0x5 ./src/main.o
 *(.rodata*)
 *(.glue_7)
 .glue_7        0x00000000        0x0 linker stubs
 *(.glue_7t)
 .glue_7t       0x00000000        0x0 linker stubs
 *(.eh_frame)
 *(.init)
 *(.fini)
                0x00000d94                . = ALIGN (0x4)
 *fill*         0x00000d91        0x3 

.vfp11_veneer   0x00000d94        0x0
 .vfp11_veneer  0x00000000        0x0 linker stubs

.v4_bx          0x00000d94        0x0
 .v4_bx         0x00000000        0x0 linker stubs

.iplt           0x00000d94        0x0
 .iplt          0x00000000        0x0 C:/NXP/S32DS_ARM_v2.0/S32DS/arm_ewl2/lib/armv6-m/__arm_start.o

.rel.dyn        0x00000d94        0x0
 .rel.iplt      0x00000000        0x0 C:/NXP/S32DS_ARM_v2.0/S32DS/arm_ewl2/lib/armv6-m/__arm_start.o

.ARM.extab
 *(.ARM.extab* .gnu.linkonce.armextab.*)

.ARM            0x00000d94        0x0
                0x00000d94                __exidx_start = .
 *(.ARM.exidx*)
                0x00000d94                __exidx_end = .

.ctors          0x00000d94        0x0
                0x00000d94                __CTOR_LIST__ = .
 *crtbegin.o(.ctors)
 *crtbegin?.o(.ctors)
 *(EXCLUDE_FILE(*crtend.o *crtend?.o) .ctors)
 *(SORT(.ctors.*))
 *(.ctors)
                0x00000d94                __CTOR_END__ = .

.dtors          0x00000d94        0x0
                0x00000d94                __DTOR_LIST__ = .
 *crtbegin.o(.dtors)
 *crtbegin?.o(.dtors)
 *(EXCLUDE_FILE(*crtend.o *crtend?.o) .dtors)
 *(SORT(.dtors.*))
 *(.dtors)
                0x00000d94                __DTOR_END__ = .

.preinit_array  0x00000d94        0x0
                0x00000d94                PROVIDE (__preinit_array_start, .)
 *(.preinit_array*)
                0x00000d94                PROVIDE (__preinit_array_end, .)

.init_array     0x00000d94        0x0
                0x00000d94                PROVIDE (__init_array_start, .)
 *(SORT(.init_array.*))
 *(.init_array*)
                0x00000d94                PROVIDE (__init_array_end, .)

.fini_array     0x00000d94        0x0
                0x00000d94                PROVIDE (__fini_array_start, .)
 *(SORT(.fini_array.*))
 *(.fini_array*)
                0x00000d94                PROVIDE (__fini_array_end, .)
                0x00000d94                __etext = .
                0x00000d94                __DATA_ROM = .

.mtb            0x1ffff000        0x0
                0x1ffff000                . = ALIGN (0x8)
                0x1ffff000                _mtb_start = .
 *(.mtb_buf)
                0x1ffff000                . = ALIGN (0x8)
                0x1ffff000                _mtb_end = .

.data           0x1ffff000        0x0 load address 0x00000d94
                0x1ffff000                . = ALIGN (0x4)
                0x1ffff000                __DATA_RAM = .
                0x1ffff000                __data_start__ = .
                0x1ffff000                _sdata = .
 *(.data)
 *(.data*)
 *(.jcr*)
                0x1ffff000                . = ALIGN (0x4)
                0x1ffff000                __data_end__ = .
                0x1ffff000                _edata = .
                0x00000d94                __DATA_END = (__DATA_ROM + (__data_end__ - __data_start__))
                0x00000000                ___data_size = (_edata - _sdata)

.igot.plt       0x1ffff000        0x0
 .igot.plt      0x00000000        0x0 C:/NXP/S32DS_ARM_v2.0/S32DS/arm_ewl2/lib/armv6-m/__arm_start.o

.bss            0x1ffff000       0x1c
                0x1ffff000                . = ALIGN (0x4)
                0x1ffff000                __START_BSS = .
                0x1ffff000                __bss_start__ = .
 *(.bss)
 *(.bss*)
 .bss.argv      0x1ffff000        0x4 C:/NXP/S32DS_ARM_v2.0/S32DS/arm_ewl2/lib/armv6-m/__arm_start.o
 .bss.pit0_flag_counter
                0x1ffff004        0x4 ./src/main.o
                0x1ffff004                pit0_flag_counter
 .bss.adcResultInMv
                0x1ffff008        0x4 ./src/main.o
                0x1ffff008                adcResultInMv
 .bss.adcResult
                0x1ffff00c        0x2 ./src/ADC.o
                0x1ffff00c                adcResult
 *fill*         0x1ffff00e        0x2 
 .bss.__stdio_exit
                0x1ffff010        0x4 C:/NXP/S32DS_ARM_v2.0/S32DS/arm_ewl2/lib/armv6-m\libc.a(exit.o)
                0x1ffff010                __stdio_exit
 .bss.__console_exit
                0x1ffff014        0x4 C:/NXP/S32DS_ARM_v2.0/S32DS/arm_ewl2/lib/armv6-m\libc.a(exit.o)
                0x1ffff014                __console_exit
 .bss.__global_destructor_chain
                0x1ffff018        0x4 C:/NXP/S32DS_ARM_v2.0/S32DS/arm_ewl2/lib/armv6-m\librt.a(__arm_eabi_init.o)
                0x1ffff018                __global_destructor_chain
 *(COMMON)
                0x1ffff01c                . = ALIGN (0x4)
                0x1ffff01c                __bss_end__ = .
                0x1ffff01c                __END_BSS = .
                0x00000d94                _romp_at = (__DATA_ROM + SIZEOF (.data))

.romp           0x1ffff01c       0x18 load address 0x00000d94
                0x00000d94                __S_romp = _romp_at
                0x1ffff01c        0x4 LONG 0xd94 __DATA_ROM
                0x1ffff020        0x4 LONG 0x1ffff000 _sdata
                0x1ffff024        0x4 LONG 0x0 ___data_size
                0x1ffff028        0x4 LONG 0x0
                0x1ffff02c        0x4 LONG 0x0
                0x1ffff030        0x4 LONG 0x0

.heap           0x1ffff034      0x504 load address 0x00000dac
                0x1ffff038                . = ALIGN (0x8)
 *fill*         0x1ffff034        0x4 
                0x1ffff038                __end__ = .
                0x1ffff038                _end = .
                0x1ffff038                PROVIDE (end, .)
                0x1ffff038                __HeapBase = .
                0x1ffff538                . = (. + HEAP_SIZE)
 *fill*         0x1ffff038      0x500 
                0x1ffff538                __HeapLimit = .

.stack          0x1ffff538      0x400 load address 0x000012b0
                0x1ffff538                . = ALIGN (0x8)
                0x1ffff938                . = (. + STACK_SIZE)
 *fill*         0x1ffff538      0x400 
                0x1ffff938                __StackTop = .
                0x1ffff538                __StackLimit = (__StackTop - STACK_SIZE)
                0x1ffff938                PROVIDE (__stack, __StackTop)

.ARM.attributes
                0x00000000       0x2f
 *(.ARM.attributes)
 .ARM.attributes
                0x00000000       0x31 C:/NXP/S32DS_ARM_v2.0/S32DS/arm_ewl2/lib/armv6-m/__arm_start.o
 .ARM.attributes
                0x00000031       0x32 ./src/main.o
 .ARM.attributes
                0x00000063       0x32 ./src/clocks.o
 .ARM.attributes
                0x00000095       0x32 ./src/UART.o
 .ARM.attributes
                0x000000c7       0x32 ./src/ADC.o
 .ARM.attributes
                0x000000f9       0x32 ./Project_Settings/Startup_Code/system_SKEAZ1284.o
 .ARM.attributes
                0x0000012b       0x1b ./Project_Settings/Startup_Code/startup_SKEAZ1284.o
 .ARM.attributes
                0x00000146       0x31 C:/NXP/S32DS_ARM_v2.0/S32DS/arm_ewl2/lib/armv6-m\libc.a(exit.o)
 .ARM.attributes
                0x00000177       0x31 C:/NXP/S32DS_ARM_v2.0/S32DS/arm_ewl2/lib/armv6-m\libc.a(memset.o)
 .ARM.attributes
                0x000001a8       0x31 C:/NXP/S32DS_ARM_v2.0/S32DS/arm_ewl2/lib/armv6-m\libc.a(__filll_mem.o)
 .ARM.attributes
                0x000001d9       0x1e c:/nxp/s32ds_arm_v2.0/cross_tools/gcc-arm-none-eabi-4_9/bin/../lib/gcc/arm-none-eabi/4.9.3/armv6-m\libgcc.a(_divsi3.o)
 .ARM.attributes
                0x000001f7       0x1e c:/nxp/s32ds_arm_v2.0/cross_tools/gcc-arm-none-eabi-4_9/bin/../lib/gcc/arm-none-eabi/4.9.3/armv6-m\libgcc.a(_dvmd_tls.o)
 .ARM.attributes
                0x00000215       0x31 C:/NXP/S32DS_ARM_v2.0/S32DS/arm_ewl2/lib/armv6-m\librt.a(gcc_ctor_dtor.o)
 .ARM.attributes
                0x00000246       0x31 C:/NXP/S32DS_ARM_v2.0/S32DS/arm_ewl2/lib/armv6-m\librt.a(__arm_eabi_init.o)
 .ARM.attributes
                0x00000277       0x31 C:/NXP/S32DS_ARM_v2.0/S32DS/arm_ewl2/lib/armv6-m\librt.a(ROMCopy.o)
OUTPUT(UART.elf elf32-littlearm)

.debug_info     0x00000000     0x1a6a
 .debug_info    0x00000000      0x144 C:/NXP/S32DS_ARM_v2.0/S32DS/arm_ewl2/lib/armv6-m/__arm_start.o
 .debug_info    0x00000144      0x623 ./src/main.o
 .debug_info    0x00000767      0x1c2 ./src/clocks.o
 .debug_info    0x00000929      0x263 ./src/UART.o
 .debug_info    0x00000b8c      0x21e ./src/ADC.o
 .debug_info    0x00000daa      0x31d ./Project_Settings/Startup_Code/system_SKEAZ1284.o
 .debug_info    0x000010c7       0x8a ./Project_Settings/Startup_Code/startup_SKEAZ1284.o
 .debug_info    0x00001151       0xe8 C:/NXP/S32DS_ARM_v2.0/S32DS/arm_ewl2/lib/armv6-m\libc.a(exit.o)
 .debug_info    0x00001239       0xec C:/NXP/S32DS_ARM_v2.0/S32DS/arm_ewl2/lib/armv6-m\libc.a(memset.o)
 .debug_info    0x00001325      0x137 C:/NXP/S32DS_ARM_v2.0/S32DS/arm_ewl2/lib/armv6-m\libc.a(__filll_mem.o)
 .debug_info    0x0000145c      0x14a C:/NXP/S32DS_ARM_v2.0/S32DS/arm_ewl2/lib/armv6-m\librt.a(gcc_ctor_dtor.o)
 .debug_info    0x000015a6      0x2b5 C:/NXP/S32DS_ARM_v2.0/S32DS/arm_ewl2/lib/armv6-m\librt.a(__arm_eabi_init.o)
 .debug_info    0x0000185b      0x20f C:/NXP/S32DS_ARM_v2.0/S32DS/arm_ewl2/lib/armv6-m\librt.a(ROMCopy.o)

.debug_abbrev   0x00000000      0xb2c
 .debug_abbrev  0x00000000       0xc0 C:/NXP/S32DS_ARM_v2.0/S32DS/arm_ewl2/lib/armv6-m/__arm_start.o
 .debug_abbrev  0x000000c0      0x198 ./src/main.o
 .debug_abbrev  0x00000258       0x98 ./src/clocks.o
 .debug_abbrev  0x000002f0      0x136 ./src/UART.o
 .debug_abbrev  0x00000426      0x106 ./src/ADC.o
 .debug_abbrev  0x0000052c      0x102 ./Project_Settings/Startup_Code/system_SKEAZ1284.o
 .debug_abbrev  0x0000062e       0x14 ./Project_Settings/Startup_Code/startup_SKEAZ1284.o
 .debug_abbrev  0x00000642       0x7a C:/NXP/S32DS_ARM_v2.0/S32DS/arm_ewl2/lib/armv6-m\libc.a(exit.o)
 .debug_abbrev  0x000006bc       0x62 C:/NXP/S32DS_ARM_v2.0/S32DS/arm_ewl2/lib/armv6-m\libc.a(memset.o)
 .debug_abbrev  0x0000071e       0x78 C:/NXP/S32DS_ARM_v2.0/S32DS/arm_ewl2/lib/armv6-m\libc.a(__filll_mem.o)
 .debug_abbrev  0x00000796       0xae C:/NXP/S32DS_ARM_v2.0/S32DS/arm_ewl2/lib/armv6-m\librt.a(gcc_ctor_dtor.o)
 .debug_abbrev  0x00000844      0x1ba C:/NXP/S32DS_ARM_v2.0/S32DS/arm_ewl2/lib/armv6-m\librt.a(__arm_eabi_init.o)
 .debug_abbrev  0x000009fe      0x12e C:/NXP/S32DS_ARM_v2.0/S32DS/arm_ewl2/lib/armv6-m\librt.a(ROMCopy.o)

.debug_aranges  0x00000000      0x280
 .debug_aranges
                0x00000000       0x28 C:/NXP/S32DS_ARM_v2.0/S32DS/arm_ewl2/lib/armv6-m/__arm_start.o
 .debug_aranges
                0x00000028       0x58 ./src/main.o
 .debug_aranges
                0x00000080       0x28 ./src/clocks.o
 .debug_aranges
                0x000000a8       0x40 ./src/UART.o
 .debug_aranges
                0x000000e8       0x38 ./src/ADC.o
 .debug_aranges
                0x00000120       0x28 ./Project_Settings/Startup_Code/system_SKEAZ1284.o
 .debug_aranges
                0x00000148       0x20 ./Project_Settings/Startup_Code/startup_SKEAZ1284.o
 .debug_aranges
                0x00000168       0x20 C:/NXP/S32DS_ARM_v2.0/S32DS/arm_ewl2/lib/armv6-m\libc.a(exit.o)
 .debug_aranges
                0x00000188       0x20 C:/NXP/S32DS_ARM_v2.0/S32DS/arm_ewl2/lib/armv6-m\libc.a(memset.o)
 .debug_aranges
                0x000001a8       0x20 C:/NXP/S32DS_ARM_v2.0/S32DS/arm_ewl2/lib/armv6-m\libc.a(__filll_mem.o)
 .debug_aranges
                0x000001c8       0x30 C:/NXP/S32DS_ARM_v2.0/S32DS/arm_ewl2/lib/armv6-m\librt.a(gcc_ctor_dtor.o)
 .debug_aranges
                0x000001f8       0x58 C:/NXP/S32DS_ARM_v2.0/S32DS/arm_ewl2/lib/armv6-m\librt.a(__arm_eabi_init.o)
 .debug_aranges
                0x00000250       0x30 C:/NXP/S32DS_ARM_v2.0/S32DS/arm_ewl2/lib/armv6-m\librt.a(ROMCopy.o)

.debug_line     0x00000000     0x115e
 .debug_line    0x00000000       0x68 C:/NXP/S32DS_ARM_v2.0/S32DS/arm_ewl2/lib/armv6-m/__arm_start.o
 .debug_line    0x00000068      0x37f ./src/main.o
 .debug_line    0x000003e7      0x233 ./src/clocks.o
 .debug_line    0x0000061a      0x260 ./src/UART.o
 .debug_line    0x0000087a      0x234 ./src/ADC.o
 .debug_line    0x00000aae      0x22f ./Project_Settings/Startup_Code/system_SKEAZ1284.o
 .debug_line    0x00000cdd       0x86 ./Project_Settings/Startup_Code/startup_SKEAZ1284.o
 .debug_line    0x00000d63       0x8d C:/NXP/S32DS_ARM_v2.0/S32DS/arm_ewl2/lib/armv6-m\libc.a(exit.o)
 .debug_line    0x00000df0       0x90 C:/NXP/S32DS_ARM_v2.0/S32DS/arm_ewl2/lib/armv6-m\libc.a(memset.o)
 .debug_line    0x00000e80       0xaf C:/NXP/S32DS_ARM_v2.0/S32DS/arm_ewl2/lib/armv6-m\libc.a(__filll_mem.o)
 .debug_line    0x00000f2f       0x74 C:/NXP/S32DS_ARM_v2.0/S32DS/arm_ewl2/lib/armv6-m\librt.a(gcc_ctor_dtor.o)
 .debug_line    0x00000fa3      0x10f C:/NXP/S32DS_ARM_v2.0/S32DS/arm_ewl2/lib/armv6-m\librt.a(__arm_eabi_init.o)
 .debug_line    0x000010b2       0xac C:/NXP/S32DS_ARM_v2.0/S32DS/arm_ewl2/lib/armv6-m\librt.a(ROMCopy.o)

.debug_str      0x00000000    0x2d3ab
 .debug_str     0x00000000      0x1e7 C:/NXP/S32DS_ARM_v2.0/S32DS/arm_ewl2/lib/armv6-m/__arm_start.o
                                0x270 (size before relaxing)
 .debug_str     0x000001e7    0x2cb50 ./src/main.o
                              0x2cf34 (size before relaxing)
 .debug_str     0x0002cd37       0x4a ./src/clocks.o
                              0x2c64e (size before relaxing)
 .debug_str     0x0002cd81       0x7c ./src/UART.o
                              0x2c683 (size before relaxing)
 .debug_str     0x0002cdfd       0x60 ./src/ADC.o
                              0x2c66b (size before relaxing)
 .debug_str     0x0002ce5d       0xbf ./Project_Settings/Startup_Code/system_SKEAZ1284.o
                              0x2c6d3 (size before relaxing)
 .debug_str     0x0002cf1c      0x18f C:/NXP/S32DS_ARM_v2.0/S32DS/arm_ewl2/lib/armv6-m\libc.a(exit.o)
                                0x22d (size before relaxing)
 .debug_str     0x0002d0ab       0x1c C:/NXP/S32DS_ARM_v2.0/S32DS/arm_ewl2/lib/armv6-m\libc.a(memset.o)
                                0x216 (size before relaxing)
 .debug_str     0x0002d0c7       0x2d C:/NXP/S32DS_ARM_v2.0/S32DS/arm_ewl2/lib/armv6-m\libc.a(__filll_mem.o)
                                0x228 (size before relaxing)
 .debug_str     0x0002d0f4      0x113 C:/NXP/S32DS_ARM_v2.0/S32DS/arm_ewl2/lib/armv6-m\librt.a(gcc_ctor_dtor.o)
                                0x28e (size before relaxing)
 .debug_str     0x0002d207      0x103 C:/NXP/S32DS_ARM_v2.0/S32DS/arm_ewl2/lib/armv6-m\librt.a(__arm_eabi_init.o)
                                0x2b5 (size before relaxing)
 .debug_str     0x0002d30a       0xa1 C:/NXP/S32DS_ARM_v2.0/S32DS/arm_ewl2/lib/armv6-m\librt.a(ROMCopy.o)
                                0x233 (size before relaxing)

.comment        0x00000000       0x70
 .comment       0x00000000       0x70 C:/NXP/S32DS_ARM_v2.0/S32DS/arm_ewl2/lib/armv6-m/__arm_start.o
                                 0x71 (size before relaxing)
 .comment       0x00000000       0x71 ./src/main.o
 .comment       0x00000000       0x71 ./src/clocks.o
 .comment       0x00000000       0x71 ./src/UART.o
 .comment       0x00000000       0x71 ./src/ADC.o
 .comment       0x00000000       0x71 ./Project_Settings/Startup_Code/system_SKEAZ1284.o
 .comment       0x00000000       0x71 C:/NXP/S32DS_ARM_v2.0/S32DS/arm_ewl2/lib/armv6-m\libc.a(exit.o)
 .comment       0x00000000       0x71 C:/NXP/S32DS_ARM_v2.0/S32DS/arm_ewl2/lib/armv6-m\libc.a(memset.o)
 .comment       0x00000000       0x71 C:/NXP/S32DS_ARM_v2.0/S32DS/arm_ewl2/lib/armv6-m\libc.a(__filll_mem.o)
 .comment       0x00000000       0x71 C:/NXP/S32DS_ARM_v2.0/S32DS/arm_ewl2/lib/armv6-m\librt.a(gcc_ctor_dtor.o)
 .comment       0x00000000       0x71 C:/NXP/S32DS_ARM_v2.0/S32DS/arm_ewl2/lib/armv6-m\librt.a(__arm_eabi_init.o)
 .comment       0x00000000       0x71 C:/NXP/S32DS_ARM_v2.0/S32DS/arm_ewl2/lib/armv6-m\librt.a(ROMCopy.o)

.debug_frame    0x00000000      0x4f8
 .debug_frame   0x00000000       0x30 C:/NXP/S32DS_ARM_v2.0/S32DS/arm_ewl2/lib/armv6-m/__arm_start.o
 .debug_frame   0x00000030      0x108 ./src/main.o
 .debug_frame   0x00000138       0x48 ./src/clocks.o
 .debug_frame   0x00000180       0xac ./src/UART.o
 .debug_frame   0x0000022c       0x84 ./src/ADC.o
 .debug_frame   0x000002b0       0x4c ./Project_Settings/Startup_Code/system_SKEAZ1284.o
 .debug_frame   0x000002fc       0x2c C:/NXP/S32DS_ARM_v2.0/S32DS/arm_ewl2/lib/armv6-m\libc.a(exit.o)
 .debug_frame   0x00000328       0x28 C:/NXP/S32DS_ARM_v2.0/S32DS/arm_ewl2/lib/armv6-m\libc.a(memset.o)
 .debug_frame   0x00000350       0x2c C:/NXP/S32DS_ARM_v2.0/S32DS/arm_ewl2/lib/armv6-m\libc.a(__filll_mem.o)
 .debug_frame   0x0000037c       0x20 c:/nxp/s32ds_arm_v2.0/cross_tools/gcc-arm-none-eabi-4_9/bin/../lib/gcc/arm-none-eabi/4.9.3/armv6-m\libgcc.a(_divsi3.o)
 .debug_frame   0x0000039c       0x50 C:/NXP/S32DS_ARM_v2.0/S32DS/arm_ewl2/lib/armv6-m\librt.a(gcc_ctor_dtor.o)
 .debug_frame   0x000003ec       0xbc C:/NXP/S32DS_ARM_v2.0/S32DS/arm_ewl2/lib/armv6-m\librt.a(__arm_eabi_init.o)
 .debug_frame   0x000004a8       0x50 C:/NXP/S32DS_ARM_v2.0/S32DS/arm_ewl2/lib/armv6-m\librt.a(ROMCopy.o)

.debug_ranges   0x00000000       0xd0
 .debug_ranges  0x00000000       0x48 ./src/main.o
 .debug_ranges  0x00000048       0x18 ./src/clocks.o
 .debug_ranges  0x00000060       0x30 ./src/UART.o
 .debug_ranges  0x00000090       0x28 ./src/ADC.o
 .debug_ranges  0x000000b8       0x18 ./Project_Settings/Startup_Code/system_SKEAZ1284.o

.debug_macro    0x00000000     0x8427
 .debug_macro   0x00000000      0x19a ./src/main.o
 .debug_macro   0x0000019a      0x80e ./src/main.o
 .debug_macro   0x000009a8       0x40 ./src/main.o
 .debug_macro   0x000009e8       0x16 ./src/main.o
 .debug_macro   0x000009fe       0x16 ./src/main.o
 .debug_macro   0x00000a14       0x64 ./src/main.o
 .debug_macro   0x00000a78      0x178 ./src/main.o
 .debug_macro   0x00000bf0      0x147 ./src/main.o
 .debug_macro   0x00000d37       0x9d ./src/main.o
 .debug_macro   0x00000dd4       0x10 ./src/main.o
 .debug_macro   0x00000de4      0x1a1 ./src/main.o
 .debug_macro   0x00000f85       0x39 ./src/main.o
 .debug_macro   0x00000fbe       0x3a ./src/main.o
 .debug_macro   0x00000ff8       0x1f ./src/main.o
 .debug_macro   0x00001017      0x250 ./src/main.o
 .debug_macro   0x00001267       0x79 ./src/main.o
 .debug_macro   0x000012e0     0x6c92 ./src/main.o
 .debug_macro   0x00007f72       0x16 ./src/main.o
 .debug_macro   0x00007f88       0x16 ./src/main.o
 .debug_macro   0x00007f9e       0x16 ./src/main.o
 .debug_macro   0x00007fb4       0x16 ./src/main.o
 .debug_macro   0x00007fca       0x8b ./src/main.o
 .debug_macro   0x00008055       0x22 ./src/main.o
 .debug_macro   0x00008077       0x10 ./src/main.o
 .debug_macro   0x00008087       0x20 ./src/main.o
 .debug_macro   0x000080a7       0xd2 ./src/clocks.o
 .debug_macro   0x00008179       0xd2 ./src/UART.o
 .debug_macro   0x0000824b       0xd2 ./src/ADC.o
 .debug_macro   0x0000831d       0xbf ./Project_Settings/Startup_Code/system_SKEAZ1284.o
 .debug_macro   0x000083dc       0x4b ./Project_Settings/Startup_Code/system_SKEAZ1284.o

.debug_loc      0x00000000      0x4eb
 .debug_loc     0x00000000       0x3e C:/NXP/S32DS_ARM_v2.0/S32DS/arm_ewl2/lib/armv6-m\libc.a(exit.o)
 .debug_loc     0x0000003e       0x6f C:/NXP/S32DS_ARM_v2.0/S32DS/arm_ewl2/lib/armv6-m\libc.a(memset.o)
 .debug_loc     0x000000ad      0x113 C:/NXP/S32DS_ARM_v2.0/S32DS/arm_ewl2/lib/armv6-m\libc.a(__filll_mem.o)
 .debug_loc     0x000001c0       0xb3 C:/NXP/S32DS_ARM_v2.0/S32DS/arm_ewl2/lib/armv6-m\librt.a(gcc_ctor_dtor.o)
 .debug_loc     0x00000273      0x184 C:/NXP/S32DS_ARM_v2.0/S32DS/arm_ewl2/lib/armv6-m\librt.a(__arm_eabi_init.o)
 .debug_loc     0x000003f7       0xf4 C:/NXP/S32DS_ARM_v2.0/S32DS/arm_ewl2/lib/armv6-m\librt.a(ROMCopy.o)
